Archive member included because of file (symbol)

contiki-sky.a(rimeaddr.o)     obj_sky/contiki-sky-main.o (rimeaddr_copy)
contiki-sky.a(rime.o)         obj_sky/contiki-sky-main.o (rime_driver)
contiki-sky.a(announcement.o)
                              contiki-sky.a(rime.o) (announcement_init)
contiki-sky.a(broadcast-annou)
                              contiki-sky.a(rime.o) (broadcast_announcement_init)
contiki-sky.a(broadcast.o)    example-powertrace.co (broadcast_open)
contiki-sky.a(abc.o)          contiki-sky.a(broadcast.o) (abc_open)
contiki-sky.a(chameleon.o)    contiki-sky.a(rime.o) (chameleon_init)
contiki-sky.a(channel.o)      contiki-sky.a(chameleon.o) (channel_init)
contiki-sky.a(chameleon-bitop)
                              contiki-sky.a(chameleon.o) (chameleon_bitopt)
contiki-sky.a(csma.o)         obj_sky/contiki-sky-main.o (csma_driver)
contiki-sky.a(contikimac.o)   obj_sky/contiki-sky-main.o (contikimac_driver)
contiki-sky.a(phase.o)        contiki-sky.a(contikimac.o) (phase_update)
contiki-sky.a(process.o)      obj_sky/contiki-sky-main.o (process_init)
contiki-sky.a(autostart.o)    obj_sky/contiki-sky-main.o (autostart_start)
contiki-sky.a(compower.o)     contiki-sky.a(contikimac.o) (compower_idle_activity)
contiki-sky.a(serial-line.o)  obj_sky/contiki-sky-main.o (serial_line_input_byte)
contiki-sky.a(memb.o)         contiki-sky.a(csma.o) (memb_init)
contiki-sky.a(timer.o)        obj_sky/contiki-sky-main.o (timer_set)
contiki-sky.a(list.o)         contiki-sky.a(announcement.o) (list_init)
contiki-sky.a(etimer.o)       obj_sky/contiki-sky-main.o (etimer_process)
contiki-sky.a(ctimer.o)       obj_sky/contiki-sky-main.o (ctimer_init)
contiki-sky.a(energest.o)     obj_sky/contiki-sky-main.o (energest_init)
contiki-sky.a(rtimer.o)       obj_sky/contiki-sky-main.o (rtimer_init)
contiki-sky.a(random.o)       obj_sky/contiki-sky-main.o (random_init)
contiki-sky.a(ringbuf.o)      contiki-sky.a(serial-line.o) (ringbuf_init)
contiki-sky.a(nbr-table.o)    contiki-sky.a(phase.o) (nbr_table_register)
contiki-sky.a(packetbuf.o)    contiki-sky.a(contikimac.o) (packetbuf_hdr_remove)
contiki-sky.a(queuebuf.o)     contiki-sky.a(rime.o) (queuebuf_init)
contiki-sky.a(powertrace.o)   example-powertrace.co (powertrace_start)
contiki-sky.a(contiki-sky-pla)
                              obj_sky/contiki-sky-main.o (init_platform)
contiki-sky.a(button-sensor.o)
                              contiki-sky.a(contiki-sky-pla) (button_sensor)
contiki-sky.a(ds2411.o)       obj_sky/contiki-sky-main.o (ds2411_init)
contiki-sky.a(xmem.o)         obj_sky/contiki-sky-main.o (xmem_init)
contiki-sky.a(node-id.o)      obj_sky/contiki-sky-main.o (node_id_restore)
contiki-sky.a(sensors.o)      contiki-sky.a(button-sensor.o) (sensors_changed)
contiki-sky.a(cc2420.o)       obj_sky/contiki-sky-main.o (cc2420_set_pan_addr)
contiki-sky.a(cc2420-arch.o)  contiki-sky.a(cc2420.o) (cc2420_arch_init)
contiki-sky.a(uart1.o)        obj_sky/contiki-sky-main.o (uart1_active)
contiki-sky.a(uart1-putchar.o)
                              obj_sky/contiki-sky-main.o (putchar)
contiki-sky.a(msp430.o)       contiki-sky.a(uart1.o) (msp430_add_lpm_req)
contiki-sky.a(clock.o)        contiki-sky.a(timer.o) (clock_time)
contiki-sky.a(leds.o)         obj_sky/contiki-sky-main.o (leds_init)
contiki-sky.a(leds-arch.o)    contiki-sky.a(leds.o) (leds_arch_init)
contiki-sky.a(watchdog.o)     obj_sky/contiki-sky-main.o (watchdog_start)
contiki-sky.a(rtimer-arch.o)  contiki-sky.a(rtimer.o) (rtimer_arch_init)
contiki-sky.a(mac.o)          contiki-sky.a(csma.o) (mac_call_sent_callback)
contiki-sky.a(framer-802154.o)
                              contiki-sky.a(contikimac.o) (framer_802154)
contiki-sky.a(spi.o)          contiki-sky.a(xmem.o) (spi_init)
contiki-sky.a(frame802154.o)  contiki-sky.a(framer-802154.o) (frame802154_hdrlen)
/usr/bin/../lib/gcc/msp430/4.5.3/mmpy-16/libgcc.a(_mulsi3.o)
                              contiki-sky.a(csma.o) (__mulsi3)
/usr/bin/../lib/gcc/msp430/4.5.3/mmpy-16/libgcc.a(_udivmodhi4.o)
                              contiki-sky.a(phase.o) (__udivmodhi4)
/usr/bin/../lib/gcc/msp430/4.5.3/mmpy-16/libgcc.a(_divmodhi4.o)
                              contiki-sky.a(nbr-table.o) (__divmodhi4)
/usr/bin/../lib/gcc/msp430/4.5.3/mmpy-16/libgcc.a(_udivmodsi4.o)
                              obj_sky/contiki-sky-main.o (__udivmodsi4)
/usr/bin/../lib/gcc/msp430/4.5.3/../../../../msp430/lib/mmpy-16/libc.a(strncmp.o)
                              contiki-sky.a(sensors.o) (strncmp)
/usr/bin/../lib/gcc/msp430/4.5.3/../../../../msp430/lib/mmpy-16/libc.a(memcmp.o)
                              contiki-sky.a(rimeaddr.o) (memcmp)
/usr/bin/../lib/gcc/msp430/4.5.3/../../../../msp430/lib/mmpy-16/libc.a(memcpy.o)
                              contiki-sky.a(broadcast-annou) (memcpy)
/usr/bin/../lib/gcc/msp430/4.5.3/../../../../msp430/lib/mmpy-16/libc.a(memset.o)
                              obj_sky/contiki-sky-main.o (memset)
/usr/bin/../lib/gcc/msp430/4.5.3/../../../../msp430/lib/mmpy-16/libc.a(printf.o)
                              example-powertrace.co (printf)
/usr/bin/../lib/gcc/msp430/4.5.3/../../../../msp430/lib/mmpy-16/libc.a(vuprintf.o)
                              /usr/bin/../lib/gcc/msp430/4.5.3/../../../../msp430/lib/mmpy-16/libc.a(printf.o) (vuprintf)
/usr/bin/../lib/gcc/msp430/4.5.3/../../../../msp430/lib/mmpy-16/libc.a(puts.o)
                              example-powertrace.co (puts)
/usr/bin/../lib/gcc/msp430/4.5.3/../../../../msp430/lib/mmpy-16/libc.a(rand.o)
                              contiki-sky.a(random.o) (rand)
/usr/bin/../lib/gcc/msp430/4.5.3/mmpy-16/libcrt0.a(_reset_vector__.o)
                              (_reset_vector__)
/usr/bin/../lib/gcc/msp430/4.5.3/mmpy-16/libcrt0.a(__init_stack.o)
                              /usr/bin/../lib/gcc/msp430/4.5.3/mmpy-16/libcrt0.a(_reset_vector__.o) (__init_stack)
/usr/bin/../lib/gcc/msp430/4.5.3/mmpy-16/libcrt0.a(__low_level_init.o)
                              /usr/bin/../lib/gcc/msp430/4.5.3/mmpy-16/libcrt0.a(_reset_vector__.o) (__low_level_init)
/usr/bin/../lib/gcc/msp430/4.5.3/mmpy-16/libcrt0.a(_copy_data.o)
                              /usr/bin/../lib/gcc/msp430/4.5.3/mmpy-16/libcrt0.a(_reset_vector__.o) (__do_copy_data)
/usr/bin/../lib/gcc/msp430/4.5.3/mmpy-16/libcrt0.a(_clear_bss.o)
                              /usr/bin/../lib/gcc/msp430/4.5.3/mmpy-16/libcrt0.a(_reset_vector__.o) (__do_clear_bss)
/usr/bin/../lib/gcc/msp430/4.5.3/mmpy-16/libcrt0.a(__stop_progExec__.o)
                              /usr/bin/../lib/gcc/msp430/4.5.3/mmpy-16/libcrt0.a(_reset_vector__.o) (__stop_progExec__)
/usr/bin/../lib/gcc/msp430/4.5.3/mmpy-16/libcrt0.a(_endless_loop__.o)
                              /usr/bin/../lib/gcc/msp430/4.5.3/mmpy-16/libcrt0.a(_reset_vector__.o) (_endless_loop__)
/usr/bin/../lib/gcc/msp430/4.5.3/mmpy-16/libcrt0.a(_unexpected_.o)
                              /usr/bin/../lib/gcc/msp430/4.5.3/mmpy-16/crt0ivtbl16.o (_unexpected_)

Allocating common symbols
Common symbol       size              file

compower_idle_activity
                    0x8               contiki-sky.a(compower.o)
energest_total_time
                    0x30              contiki-sky.a(energest.o)
cc2420_last_rssi    0x1               contiki-sky.a(cc2420.o)
cc2420_packets_read
                    0x2               contiki-sky.a(cc2420.o)
cc2420_packets_seen
                    0x2               contiki-sky.a(cc2420.o)
energest_total_count
                    0x2               contiki-sky.a(energest.o)
cc2420_sfd_start_time
                    0x2               contiki-sky.a(cc2420.o)
cc2420_time_of_departure
                    0x2               contiki-sky.a(cc2420.o)
cc2420_time_of_arrival
                    0x2               contiki-sky.a(cc2420.o)
energest_current_mode
                    0xc               contiki-sky.a(energest.o)
packetbuf_addrs     0x8               contiki-sky.a(packetbuf.o)
rimeaddr_node_addr  0x2               contiki-sky.a(rimeaddr.o)
process_maxevents   0x1               contiki-sky.a(process.o)
cc2420_last_correlation
                    0x1               contiki-sky.a(cc2420.o)
cc2420_authority_level_of_sender
                    0x2               contiki-sky.a(cc2420.o)
packetbuf_attrs     0x30              contiki-sky.a(packetbuf.o)
msp430_dco_required
                    0x2               contiki-sky.a(msp430.o)
cc2420_sfd_counter  0x1               contiki-sky.a(cc2420.o)
energest_current_time
                    0x18              contiki-sky.a(energest.o)
sensors_flags       0x2               contiki-sky.a(contiki-sky-pla)
serial_line_event_message
                    0x1               contiki-sky.a(serial-line.o)
cc2420_sfd_end_time
                    0x2               contiki-sky.a(cc2420.o)
sensors_event       0x1               contiki-sky.a(sensors.o)
ds2411_id           0x8               contiki-sky.a(ds2411.o)

Discarded input sections

 .data          0x00000000        0x0 /usr/bin/../lib/gcc/msp430/4.5.3/mmpy-16/crt0ivtbl16.o
 .bss           0x00000000        0x0 /usr/bin/../lib/gcc/msp430/4.5.3/mmpy-16/crt0ivtbl16.o
 .text.crt0     0x00000000        0x0 /usr/bin/../lib/gcc/msp430/4.5.3/mmpy-16/crt0ivtbl16.o
 .data          0x00000000        0x0 obj_sky/contiki-sky-main.o
 .text.uip_log  0x00000000        0x6 obj_sky/contiki-sky-main.o
 .data          0x00000000        0x0 contiki-sky.a(rimeaddr.o)
 .bss           0x00000000        0x0 contiki-sky.a(rimeaddr.o)
 .data          0x00000000        0x0 contiki-sky.a(rime.o)
 .text.rime_sniffer_add
                0x00000000        0xc contiki-sky.a(rime.o)
 .text.rime_sniffer_remove
                0x00000000        0xc contiki-sky.a(rime.o)
 .text          0x00000000        0x0 contiki-sky.a(announcement.o)
 .data          0x00000000        0x0 contiki-sky.a(announcement.o)
 .text.announcement_register
                0x00000000       0x3e contiki-sky.a(announcement.o)
 .text.announcement_remove
                0x00000000        0xc contiki-sky.a(announcement.o)
 .text.announcement_remove_value
                0x00000000       0x22 contiki-sky.a(announcement.o)
 .text.announcement_set_value
                0x00000000       0x28 contiki-sky.a(announcement.o)
 .text.announcement_bump
                0x00000000       0x22 contiki-sky.a(announcement.o)
 .text.announcement_listen
                0x00000000        0xc contiki-sky.a(announcement.o)
 .text.announcement_register_listen_callback
                0x00000000        0x6 contiki-sky.a(announcement.o)
 .data          0x00000000        0x0 contiki-sky.a(broadcast-annou)
 .text.broadcast_announcement_stop
                0x00000000       0x22 contiki-sky.a(broadcast-annou)
 .text.broadcast_announcement_beacon_interval
                0x00000000        0xa contiki-sky.a(broadcast-annou)
 .data          0x00000000        0x0 contiki-sky.a(broadcast.o)
 .bss           0x00000000        0x0 contiki-sky.a(broadcast.o)
 .data          0x00000000        0x0 contiki-sky.a(abc.o)
 .bss           0x00000000        0x0 contiki-sky.a(abc.o)
 .text          0x00000000        0x0 contiki-sky.a(chameleon.o)
 .data          0x00000000        0x0 contiki-sky.a(chameleon.o)
 .bss           0x00000000        0x0 contiki-sky.a(chameleon.o)
 .text          0x00000000        0x0 contiki-sky.a(channel.o)
 .data          0x00000000        0x0 contiki-sky.a(channel.o)
 .data          0x00000000        0x0 contiki-sky.a(chameleon-bitop)
 .bss           0x00000000        0x0 contiki-sky.a(chameleon-bitop)
 .data          0x00000000        0x0 contiki-sky.a(contikimac.o)
 .text.contikimac_debug_print
                0x00000000        0x4 contiki-sky.a(contikimac.o)
 .text          0x00000000        0x0 contiki-sky.a(phase.o)
 .text          0x00000000        0x0 contiki-sky.a(process.o)
 .data          0x00000000        0x0 contiki-sky.a(process.o)
 .text.process_exit
                0x00000000        0xa contiki-sky.a(process.o)
 .text.process_is_running
                0x00000000        0xe contiki-sky.a(process.o)
 .text          0x00000000        0x0 contiki-sky.a(autostart.o)
 .data          0x00000000        0x0 contiki-sky.a(autostart.o)
 .bss           0x00000000        0x0 contiki-sky.a(autostart.o)
 .text.autostart_exit
                0x00000000       0x16 contiki-sky.a(autostart.o)
 .text          0x00000000        0x0 contiki-sky.a(compower.o)
 .data          0x00000000        0x0 contiki-sky.a(compower.o)
 .text.compower_init
                0x00000000       0x12 contiki-sky.a(compower.o)
 .text.compower_accumulate_attrs
                0x00000000       0x22 contiki-sky.a(compower.o)
 .text          0x00000000        0x0 contiki-sky.a(memb.o)
 .data          0x00000000        0x0 contiki-sky.a(memb.o)
 .bss           0x00000000        0x0 contiki-sky.a(memb.o)
 .text          0x00000000        0x0 contiki-sky.a(timer.o)
 .data          0x00000000        0x0 contiki-sky.a(timer.o)
 .bss           0x00000000        0x0 contiki-sky.a(timer.o)
 .text.timer_restart
                0x00000000       0x14 contiki-sky.a(timer.o)
 .text.timer_remaining
                0x00000000       0x28 contiki-sky.a(timer.o)
 .text          0x00000000        0x0 contiki-sky.a(list.o)
 .data          0x00000000        0x0 contiki-sky.a(list.o)
 .bss           0x00000000        0x0 contiki-sky.a(list.o)
 .text.list_copy
                0x00000000        0x6 contiki-sky.a(list.o)
 .text.list_chop
                0x00000000       0x2a contiki-sky.a(list.o)
 .text.list_pop
                0x00000000        0xe contiki-sky.a(list.o)
 .text.list_insert
                0x00000000       0x16 contiki-sky.a(list.o)
 .text.etimer_restart
                0x00000000       0x12 contiki-sky.a(etimer.o)
 .text.etimer_adjust
                0x00000000       0x1a contiki-sky.a(etimer.o)
 .text.etimer_expiration_time
                0x00000000       0x14 contiki-sky.a(etimer.o)
 .text.etimer_start_time
                0x00000000        0x8 contiki-sky.a(etimer.o)
 .text.ctimer_restart
                0x00000000       0x3a contiki-sky.a(ctimer.o)
 .text.ctimer_expired
                0x00000000       0x32 contiki-sky.a(ctimer.o)
 .text          0x00000000        0x0 contiki-sky.a(energest.o)
 .data          0x00000000        0x0 contiki-sky.a(energest.o)
 .bss           0x00000000        0x0 contiki-sky.a(energest.o)
 .text.energest_leveldevice_leveltime
                0x00000000        0x6 contiki-sky.a(energest.o)
 .text          0x00000000        0x0 contiki-sky.a(rtimer.o)
 .data          0x00000000        0x0 contiki-sky.a(rtimer.o)
 .text          0x00000000        0x0 contiki-sky.a(random.o)
 .data          0x00000000        0x0 contiki-sky.a(random.o)
 .bss           0x00000000        0x0 contiki-sky.a(random.o)
 .text          0x00000000        0x0 contiki-sky.a(ringbuf.o)
 .data          0x00000000        0x0 contiki-sky.a(ringbuf.o)
 .bss           0x00000000        0x0 contiki-sky.a(ringbuf.o)
 .text.ringbuf_size
                0x00000000        0x8 contiki-sky.a(ringbuf.o)
 .text.ringbuf_elements
                0x00000000       0x12 contiki-sky.a(ringbuf.o)
 .text          0x00000000        0x0 contiki-sky.a(nbr-table.o)
 .text.key_from_item
                0x00000000       0x36 contiki-sky.a(nbr-table.o)
 .text.nbr_table_next
                0x00000000       0x36 contiki-sky.a(nbr-table.o)
 .text.nbr_table_head
                0x00000000       0x36 contiki-sky.a(nbr-table.o)
 .text.nbr_table_lock
                0x00000000       0x10 contiki-sky.a(nbr-table.o)
 .text.nbr_table_unlock
                0x00000000       0x10 contiki-sky.a(nbr-table.o)
 .text.nbr_table_get_lladdr
                0x00000000        0xc contiki-sky.a(nbr-table.o)
 .text          0x00000000        0x0 contiki-sky.a(packetbuf.o)
 .data          0x00000000        0x0 contiki-sky.a(packetbuf.o)
 .text.packetbuf_clear_hdr
                0x00000000        0x8 contiki-sky.a(packetbuf.o)
 .text.packetbuf_hdrlen
                0x00000000        0xa contiki-sky.a(packetbuf.o)
 .text.packetbuf_reference
                0x00000000       0x1a contiki-sky.a(packetbuf.o)
 .text          0x00000000        0x0 contiki-sky.a(queuebuf.o)
 .text.queuebuf_dataptr
                0x00000000       0x34 contiki-sky.a(queuebuf.o)
 .text.queuebuf_datalen
                0x00000000        0x6 contiki-sky.a(queuebuf.o)
 .text.queuebuf_addr
                0x00000000        0xe contiki-sky.a(queuebuf.o)
 .text.queuebuf_debug_print
                0x00000000        0x2 contiki-sky.a(queuebuf.o)
 .text.powertrace_stop
                0x00000000        0xa contiki-sky.a(powertrace.o)
 .text.powertrace_printsniff
                0x00000000       0x1e contiki-sky.a(powertrace.o)
 .text.powertrace_sniff
                0x00000000       0x1e contiki-sky.a(powertrace.o)
 .text          0x00000000        0x0 contiki-sky.a(contiki-sky-pla)
 .bss           0x00000000        0x0 contiki-sky.a(contiki-sky-pla)
 .data          0x00000000        0x0 contiki-sky.a(button-sensor.o)
 .text          0x00000000        0x0 contiki-sky.a(ds2411.o)
 .data          0x00000000        0x0 contiki-sky.a(ds2411.o)
 .bss           0x00000000        0x0 contiki-sky.a(ds2411.o)
 .text          0x00000000        0x0 contiki-sky.a(xmem.o)
 .data          0x00000000        0x0 contiki-sky.a(xmem.o)
 .bss           0x00000000        0x0 contiki-sky.a(xmem.o)
 .text.write_enable
                0x00000000       0x28 contiki-sky.a(xmem.o)
 .text.xmem_pwrite
                0x00000000      0x13e contiki-sky.a(xmem.o)
 .text.xmem_erase
                0x00000000       0xaa contiki-sky.a(xmem.o)
 .text          0x00000000        0x0 contiki-sky.a(node-id.o)
 .data          0x00000000        0x0 contiki-sky.a(node-id.o)
 .text.node_id_burn
                0x00000000       0x36 contiki-sky.a(node-id.o)
 .text.sensors_first
                0x00000000        0x6 contiki-sky.a(sensors.o)
 .text.sensors_next
                0x00000000        0xe contiki-sky.a(sensors.o)
 .text.sensors_find
                0x00000000       0x50 contiki-sky.a(sensors.o)
 .text.cc2420_get_channel
                0x00000000        0x6 contiki-sky.a(cc2420.o)
 .text.cc2420_set_txpower
                0x00000000        0xe contiki-sky.a(cc2420.o)
 .text.cc2420_rssi
                0x00000000       0x64 contiki-sky.a(cc2420.o)
 .text.cc2420_cca_valid
                0x00000000       0x26 contiki-sky.a(cc2420.o)
 .text          0x00000000        0x0 contiki-sky.a(cc2420-arch.o)
 .data          0x00000000        0x0 contiki-sky.a(cc2420-arch.o)
 .bss           0x00000000        0x0 contiki-sky.a(cc2420-arch.o)
 .text          0x00000000        0x0 contiki-sky.a(uart1.o)
 .data          0x00000000        0x0 contiki-sky.a(uart1.o)
 .text          0x00000000        0x0 contiki-sky.a(uart1-putchar.o)
 .data          0x00000000        0x0 contiki-sky.a(uart1-putchar.o)
 .bss           0x00000000        0x0 contiki-sky.a(uart1-putchar.o)
 .text          0x00000000        0x0 contiki-sky.a(msp430.o)
 .bss           0x00000000        0x0 contiki-sky.a(msp430.o)
 .text.msp430_remove_lpm_req
                0x00000000        0xa contiki-sky.a(msp430.o)
 .text.sbrk     0x00000000       0x58 contiki-sky.a(msp430.o)
 .text          0x00000000        0x0 contiki-sky.a(clock.o)
 .data          0x00000000        0x0 contiki-sky.a(clock.o)
 .text.clock_set
                0x00000000       0x16 contiki-sky.a(clock.o)
 .text.clock_fine_max
                0x00000000        0x6 contiki-sky.a(clock.o)
 .text.clock_fine
                0x00000000        0xa contiki-sky.a(clock.o)
 .text.clock_wait
                0x00000000       0x36 contiki-sky.a(clock.o)
 .text.clock_set_seconds
                0x00000000       0x1c contiki-sky.a(clock.o)
 .text.clock_seconds
                0x00000000       0x1a contiki-sky.a(clock.o)
 .text.clock_counter
                0x00000000        0xe contiki-sky.a(clock.o)
 .text          0x00000000        0x0 contiki-sky.a(leds.o)
 .data          0x00000000        0x0 contiki-sky.a(leds.o)
 .text.leds_get
                0x00000000        0x6 contiki-sky.a(leds.o)
 .text.leds_invert
                0x00000000        0xa contiki-sky.a(leds.o)
 .text.leds_toggle
                0x00000000        0x6 contiki-sky.a(leds.o)
 .text.leds_blink
                0x00000000       0x26 contiki-sky.a(leds.o)
 .text          0x00000000        0x0 contiki-sky.a(leds-arch.o)
 .data          0x00000000        0x0 contiki-sky.a(leds-arch.o)
 .bss           0x00000000        0x0 contiki-sky.a(leds-arch.o)
 .text.leds_arch_get
                0x00000000       0x2e contiki-sky.a(leds-arch.o)
 .text          0x00000000        0x0 contiki-sky.a(watchdog.o)
 .data          0x00000000        0x0 contiki-sky.a(watchdog.o)
 .text.watchdog_reboot
                0x00000000        0x6 contiki-sky.a(watchdog.o)
 .text          0x00000000        0x0 contiki-sky.a(rtimer-arch.o)
 .data          0x00000000        0x0 contiki-sky.a(rtimer-arch.o)
 .bss           0x00000000        0x0 contiki-sky.a(rtimer-arch.o)
 .text          0x00000000        0x0 contiki-sky.a(mac.o)
 .data          0x00000000        0x0 contiki-sky.a(mac.o)
 .bss           0x00000000        0x0 contiki-sky.a(mac.o)
 .data          0x00000000        0x0 contiki-sky.a(framer-802154.o)
 .text          0x00000000        0x0 contiki-sky.a(spi.o)
 .data          0x00000000        0x0 contiki-sky.a(spi.o)
 .bss           0x00000000        0x2 contiki-sky.a(spi.o)
 .data          0x00000000        0x0 contiki-sky.a(frame802154.o)
 .bss           0x00000000        0x0 contiki-sky.a(frame802154.o)
 .text          0x00000000        0x0 /usr/bin/../lib/gcc/msp430/4.5.3/mmpy-16/libgcc.a(_mulsi3.o)
 .data          0x00000000        0x0 /usr/bin/../lib/gcc/msp430/4.5.3/mmpy-16/libgcc.a(_mulsi3.o)
 .bss           0x00000000        0x0 /usr/bin/../lib/gcc/msp430/4.5.3/mmpy-16/libgcc.a(_mulsi3.o)
 .text          0x00000000        0x0 /usr/bin/../lib/gcc/msp430/4.5.3/mmpy-16/libgcc.a(_udivmodhi4.o)
 .data          0x00000000        0x0 /usr/bin/../lib/gcc/msp430/4.5.3/mmpy-16/libgcc.a(_udivmodhi4.o)
 .bss           0x00000000        0x0 /usr/bin/../lib/gcc/msp430/4.5.3/mmpy-16/libgcc.a(_udivmodhi4.o)
 .text          0x00000000        0x0 /usr/bin/../lib/gcc/msp430/4.5.3/mmpy-16/libgcc.a(_divmodhi4.o)
 .data          0x00000000        0x0 /usr/bin/../lib/gcc/msp430/4.5.3/mmpy-16/libgcc.a(_divmodhi4.o)
 .bss           0x00000000        0x0 /usr/bin/../lib/gcc/msp430/4.5.3/mmpy-16/libgcc.a(_divmodhi4.o)
 .text          0x00000000        0x0 /usr/bin/../lib/gcc/msp430/4.5.3/mmpy-16/libgcc.a(_udivmodsi4.o)
 .data          0x00000000        0x0 /usr/bin/../lib/gcc/msp430/4.5.3/mmpy-16/libgcc.a(_udivmodsi4.o)
 .bss           0x00000000        0x0 /usr/bin/../lib/gcc/msp430/4.5.3/mmpy-16/libgcc.a(_udivmodsi4.o)
 .text          0x00000000       0x30 /usr/bin/../lib/gcc/msp430/4.5.3/../../../../msp430/lib/mmpy-16/libc.a(strncmp.o)
 .data          0x00000000        0x0 /usr/bin/../lib/gcc/msp430/4.5.3/../../../../msp430/lib/mmpy-16/libc.a(strncmp.o)
 .bss           0x00000000        0x0 /usr/bin/../lib/gcc/msp430/4.5.3/../../../../msp430/lib/mmpy-16/libc.a(strncmp.o)
 .data          0x00000000        0x0 /usr/bin/../lib/gcc/msp430/4.5.3/../../../../msp430/lib/mmpy-16/libc.a(memcmp.o)
 .bss           0x00000000        0x0 /usr/bin/../lib/gcc/msp430/4.5.3/../../../../msp430/lib/mmpy-16/libc.a(memcmp.o)
 .data          0x00000000        0x0 /usr/bin/../lib/gcc/msp430/4.5.3/../../../../msp430/lib/mmpy-16/libc.a(memcpy.o)
 .bss           0x00000000        0x0 /usr/bin/../lib/gcc/msp430/4.5.3/../../../../msp430/lib/mmpy-16/libc.a(memcpy.o)
 .data          0x00000000        0x0 /usr/bin/../lib/gcc/msp430/4.5.3/../../../../msp430/lib/mmpy-16/libc.a(memset.o)
 .bss           0x00000000        0x0 /usr/bin/../lib/gcc/msp430/4.5.3/../../../../msp430/lib/mmpy-16/libc.a(memset.o)
 .data          0x00000000        0x0 /usr/bin/../lib/gcc/msp430/4.5.3/../../../../msp430/lib/mmpy-16/libc.a(printf.o)
 .bss           0x00000000        0x0 /usr/bin/../lib/gcc/msp430/4.5.3/../../../../msp430/lib/mmpy-16/libc.a(printf.o)
 .data          0x00000000        0x0 /usr/bin/../lib/gcc/msp430/4.5.3/../../../../msp430/lib/mmpy-16/libc.a(vuprintf.o)
 .bss           0x00000000        0x0 /usr/bin/../lib/gcc/msp430/4.5.3/../../../../msp430/lib/mmpy-16/libc.a(vuprintf.o)
 .data          0x00000000        0x0 /usr/bin/../lib/gcc/msp430/4.5.3/../../../../msp430/lib/mmpy-16/libc.a(puts.o)
 .bss           0x00000000        0x0 /usr/bin/../lib/gcc/msp430/4.5.3/../../../../msp430/lib/mmpy-16/libc.a(puts.o)
 .bss           0x00000000        0x0 /usr/bin/../lib/gcc/msp430/4.5.3/../../../../msp430/lib/mmpy-16/libc.a(rand.o)
 .text          0x00000000        0x0 /usr/bin/../lib/gcc/msp430/4.5.3/mmpy-16/libcrt0.a(_reset_vector__.o)
 .data          0x00000000        0x0 /usr/bin/../lib/gcc/msp430/4.5.3/mmpy-16/libcrt0.a(_reset_vector__.o)
 .bss           0x00000000        0x0 /usr/bin/../lib/gcc/msp430/4.5.3/mmpy-16/libcrt0.a(_reset_vector__.o)
 .text          0x00000000        0x0 /usr/bin/../lib/gcc/msp430/4.5.3/mmpy-16/libcrt0.a(__init_stack.o)
 .data          0x00000000        0x0 /usr/bin/../lib/gcc/msp430/4.5.3/mmpy-16/libcrt0.a(__init_stack.o)
 .bss           0x00000000        0x0 /usr/bin/../lib/gcc/msp430/4.5.3/mmpy-16/libcrt0.a(__init_stack.o)
 .text          0x00000000        0x0 /usr/bin/../lib/gcc/msp430/4.5.3/mmpy-16/libcrt0.a(__low_level_init.o)
 .data          0x00000000        0x0 /usr/bin/../lib/gcc/msp430/4.5.3/mmpy-16/libcrt0.a(__low_level_init.o)
 .bss           0x00000000        0x0 /usr/bin/../lib/gcc/msp430/4.5.3/mmpy-16/libcrt0.a(__low_level_init.o)
 .text          0x00000000        0x0 /usr/bin/../lib/gcc/msp430/4.5.3/mmpy-16/libcrt0.a(_copy_data.o)
 .data          0x00000000        0x0 /usr/bin/../lib/gcc/msp430/4.5.3/mmpy-16/libcrt0.a(_copy_data.o)
 .bss           0x00000000        0x0 /usr/bin/../lib/gcc/msp430/4.5.3/mmpy-16/libcrt0.a(_copy_data.o)
 .text          0x00000000        0x0 /usr/bin/../lib/gcc/msp430/4.5.3/mmpy-16/libcrt0.a(_clear_bss.o)
 .data          0x00000000        0x0 /usr/bin/../lib/gcc/msp430/4.5.3/mmpy-16/libcrt0.a(_clear_bss.o)
 .bss           0x00000000        0x0 /usr/bin/../lib/gcc/msp430/4.5.3/mmpy-16/libcrt0.a(_clear_bss.o)
 .text          0x00000000        0x0 /usr/bin/../lib/gcc/msp430/4.5.3/mmpy-16/libcrt0.a(__stop_progExec__.o)
 .data          0x00000000        0x0 /usr/bin/../lib/gcc/msp430/4.5.3/mmpy-16/libcrt0.a(__stop_progExec__.o)
 .bss           0x00000000        0x0 /usr/bin/../lib/gcc/msp430/4.5.3/mmpy-16/libcrt0.a(__stop_progExec__.o)
 .text          0x00000000        0x0 /usr/bin/../lib/gcc/msp430/4.5.3/mmpy-16/libcrt0.a(_endless_loop__.o)
 .data          0x00000000        0x0 /usr/bin/../lib/gcc/msp430/4.5.3/mmpy-16/libcrt0.a(_endless_loop__.o)
 .bss           0x00000000        0x0 /usr/bin/../lib/gcc/msp430/4.5.3/mmpy-16/libcrt0.a(_endless_loop__.o)
 .text          0x00000000        0x0 /usr/bin/../lib/gcc/msp430/4.5.3/mmpy-16/libcrt0.a(_unexpected_.o)
 .data          0x00000000        0x0 /usr/bin/../lib/gcc/msp430/4.5.3/mmpy-16/libcrt0.a(_unexpected_.o)
 .bss           0x00000000        0x0 /usr/bin/../lib/gcc/msp430/4.5.3/mmpy-16/libcrt0.a(_unexpected_.o)

Memory Configuration

Name             Origin             Length             Attributes
sfr              0x00000000         0x00000010
peripheral_8bit  0x00000010         0x000000f0
peripheral_16bit 0x00000100         0x00000100
infomem          0x00001000         0x00000100
infob            0x00001000         0x00000080
infoa            0x00001080         0x00000080
ram              0x00001100         0x00002800         xw
rom              0x00004000         0x0000bfe0         xr
vectors          0x0000ffe0         0x00000020
bsl              0x00000000         0x00000000
infoc            0x00000000         0x00000000
infod            0x00000000         0x00000000
far_rom          0x00000000         0x00000000
*default*        0x00000000         0xffffffff

Linker script and memory map

LOAD /usr/bin/../lib/gcc/msp430/4.5.3/mmpy-16/crt0ivtbl16.o
LOAD example-powertrace.co
LOAD obj_sky/contiki-sky-main.o
LOAD contiki-sky.a
LOAD /usr/bin/../lib/gcc/msp430/4.5.3/mmpy-16/libgcc.a
LOAD /usr/bin/../lib/gcc/msp430/4.5.3/../../../../msp430/lib/mmpy-16/libc.a
LOAD /usr/bin/../lib/gcc/msp430/4.5.3/mmpy-16/libgcc.a
LOAD /usr/bin/../lib/gcc/msp430/4.5.3/mmpy-16/libcrt0.a
                0x00000000                __IE1 = 0x0
                0x00000002                __IFG1 = 0x2
                0x00000004                __ME1 = 0x4
                0x00000001                __IE2 = 0x1
                0x00000003                __IFG2 = 0x3
                0x00000005                __ME2 = 0x5
                0x00000120                __WDTCTL = 0x120
                0x00000130                __MPY = 0x130
                0x00000132                __MPYS = 0x132
                0x00000134                __MAC = 0x134
                0x00000136                __MACS = 0x136
                0x00000138                __OP2 = 0x138
                0x0000013a                __RESLO = 0x13a
                0x0000013c                __RESHI = 0x13c
                0x0000013e                __SUMEXT = 0x13e
                0x00000020                __P1IN = 0x20
                0x00000021                __P1OUT = 0x21
                0x00000022                __P1DIR = 0x22
                0x00000023                __P1IFG = 0x23
                0x00000024                __P1IES = 0x24
                0x00000025                __P1IE = 0x25
                0x00000026                __P1SEL = 0x26
                0x00000028                __P2IN = 0x28
                0x00000029                __P2OUT = 0x29
                0x0000002a                __P2DIR = 0x2a
                0x0000002b                __P2IFG = 0x2b
                0x0000002c                __P2IES = 0x2c
                0x0000002d                __P2IE = 0x2d
                0x0000002e                __P2SEL = 0x2e
                0x00000018                __P3IN = 0x18
                0x00000019                __P3OUT = 0x19
                0x0000001a                __P3DIR = 0x1a
                0x0000001b                __P3SEL = 0x1b
                0x0000001c                __P4IN = 0x1c
                0x0000001d                __P4OUT = 0x1d
                0x0000001e                __P4DIR = 0x1e
                0x0000001f                __P4SEL = 0x1f
                0x00000030                __P5IN = 0x30
                0x00000031                __P5OUT = 0x31
                0x00000032                __P5DIR = 0x32
                0x00000033                __P5SEL = 0x33
                0x00000034                __P6IN = 0x34
                0x00000035                __P6OUT = 0x35
                0x00000036                __P6DIR = 0x36
                0x00000037                __P6SEL = 0x37
                0x00000070                __U0CTL = 0x70
                0x00000071                __U0TCTL = 0x71
                0x00000072                __U0RCTL = 0x72
                0x00000073                __U0MCTL = 0x73
                0x00000074                __U0BR0 = 0x74
                0x00000075                __U0BR1 = 0x75
                0x00000076                __U0RXBUF = 0x76
                0x00000077                __U0TXBUF = 0x77
                0x00000078                __U1CTL = 0x78
                0x00000079                __U1TCTL = 0x79
                0x0000007a                __U1RCTL = 0x7a
                0x0000007b                __U1MCTL = 0x7b
                0x0000007c                __U1BR0 = 0x7c
                0x0000007d                __U1BR1 = 0x7d
                0x0000007e                __U1RXBUF = 0x7e
                0x0000007f                __U1TXBUF = 0x7f
                0x00000050                __I2CIE = 0x50
                0x00000051                __I2CIFG = 0x51
                0x00000052                __I2CNDAT = 0x52
                0x00000071                __I2CTCTL = 0x71
                0x00000072                __I2CDCTL = 0x72
                0x00000073                __I2CPSC = 0x73
                0x00000074                __I2CSCLH = 0x74
                0x00000075                __I2CSCLL = 0x75
                0x00000076                __I2CDRB = 0x76
                0x00000076                __I2CDRW = 0x76
                0x00000118                __I2COA = 0x118
                0x0000011a                __I2CSA = 0x11a
                0x0000011c                __I2CIV = 0x11c
                0x0000012e                __TAIV = 0x12e
                0x00000160                __TACTL = 0x160
                0x00000162                __TACCTL0 = 0x162
                0x00000164                __TACCTL1 = 0x164
                0x00000166                __TACCTL2 = 0x166
                0x00000170                __TAR = 0x170
                0x00000172                __TACCR0 = 0x172
                0x00000174                __TACCR1 = 0x174
                0x00000176                __TACCR2 = 0x176
                0x0000011e                __TBIV = 0x11e
                0x00000180                __TBCTL = 0x180
                0x00000182                __TBCCTL0 = 0x182
                0x00000184                __TBCCTL1 = 0x184
                0x00000186                __TBCCTL2 = 0x186
                0x00000188                __TBCCTL3 = 0x188
                0x0000018a                __TBCCTL4 = 0x18a
                0x0000018c                __TBCCTL5 = 0x18c
                0x0000018e                __TBCCTL6 = 0x18e
                0x00000190                __TBR = 0x190
                0x00000192                __TBCCR0 = 0x192
                0x00000194                __TBCCR1 = 0x194
                0x00000196                __TBCCR2 = 0x196
                0x00000198                __TBCCR3 = 0x198
                0x0000019a                __TBCCR4 = 0x19a
                0x0000019c                __TBCCR5 = 0x19c
                0x0000019e                __TBCCR6 = 0x19e
                0x00000056                __DCOCTL = 0x56
                0x00000057                __BCSCTL1 = 0x57
                0x00000058                __BCSCTL2 = 0x58
                0x00000055                __SVSCTL = 0x55
                0x00000128                __FCTL1 = 0x128
                0x0000012a                __FCTL2 = 0x12a
                0x0000012c                __FCTL3 = 0x12c
                0x00000059                __CACTL1 = 0x59
                0x0000005a                __CACTL2 = 0x5a
                0x0000005b                __CAPD = 0x5b
                0x000001a0                __ADC12CTL0 = 0x1a0
                0x000001a2                __ADC12CTL1 = 0x1a2
                0x000001a4                __ADC12IFG = 0x1a4
                0x000001a6                __ADC12IE = 0x1a6
                0x000001a8                __ADC12IV = 0x1a8
                0x00000140                __ADC12MEM0 = 0x140
                0x00000142                __ADC12MEM1 = 0x142
                0x00000144                __ADC12MEM2 = 0x144
                0x00000146                __ADC12MEM3 = 0x146
                0x00000148                __ADC12MEM4 = 0x148
                0x0000014a                __ADC12MEM5 = 0x14a
                0x0000014c                __ADC12MEM6 = 0x14c
                0x0000014e                __ADC12MEM7 = 0x14e
                0x00000150                __ADC12MEM8 = 0x150
                0x00000152                __ADC12MEM9 = 0x152
                0x00000154                __ADC12MEM10 = 0x154
                0x00000156                __ADC12MEM11 = 0x156
                0x00000158                __ADC12MEM12 = 0x158
                0x0000015a                __ADC12MEM13 = 0x15a
                0x0000015c                __ADC12MEM14 = 0x15c
                0x0000015e                __ADC12MEM15 = 0x15e
                0x00000080                __ADC12MCTL0 = 0x80
                0x00000081                __ADC12MCTL1 = 0x81
                0x00000082                __ADC12MCTL2 = 0x82
                0x00000083                __ADC12MCTL3 = 0x83
                0x00000084                __ADC12MCTL4 = 0x84
                0x00000085                __ADC12MCTL5 = 0x85
                0x00000086                __ADC12MCTL6 = 0x86
                0x00000087                __ADC12MCTL7 = 0x87
                0x00000088                __ADC12MCTL8 = 0x88
                0x00000089                __ADC12MCTL9 = 0x89
                0x0000008a                __ADC12MCTL10 = 0x8a
                0x0000008b                __ADC12MCTL11 = 0x8b
                0x0000008c                __ADC12MCTL12 = 0x8c
                0x0000008d                __ADC12MCTL13 = 0x8d
                0x0000008e                __ADC12MCTL14 = 0x8e
                0x0000008f                __ADC12MCTL15 = 0x8f
                0x000001c0                __DAC12_0CTL = 0x1c0
                0x000001c2                __DAC12_1CTL = 0x1c2
                0x000001c8                __DAC12_0DAT = 0x1c8
                0x000001ca                __DAC12_1DAT = 0x1ca
                0x00000122                __DMACTL0 = 0x122
                0x00000124                __DMACTL1 = 0x124
                0x000001e0                __DMA0CTL = 0x1e0
                0x000001e8                __DMA1CTL = 0x1e8
                0x000001f0                __DMA2CTL = 0x1f0
                0x000001e2                __DMA0SA = 0x1e2
                0x000001e4                __DMA0DA = 0x1e4
                0x000001e6                __DMA0SZ = 0x1e6
                0x000001ea                __DMA1SA = 0x1ea
                0x000001ec                __DMA1DA = 0x1ec
                0x000001ee                __DMA1SZ = 0x1ee
                0x000001f2                __DMA2SA = 0x1f2
                0x000001f4                __DMA2DA = 0x1f4
                0x000001f6                __DMA2SZ = 0x1f6

.hash
 *(.hash)

.dynsym
 *(.dynsym)

.dynstr
 *(.dynstr)

.gnu.version
 *(.gnu.version)

.gnu.version_d
 *(.gnu.version_d)

.gnu.version_r
 *(.gnu.version_r)

.rel.init
 *(.rel.init)

.rela.init
 *(.rela.init)

.rel.text
 *(.rel.text)
 *(.rel.text.*)
 *(.rel.gnu.linkonce.t*)

.rela.text
 *(.rela.text)
 *(.rela.text.*)
 *(.rela.gnu.linkonce.t*)

.rel.fini
 *(.rel.fini)

.rela.fini
 *(.rela.fini)

.rel.rodata
 *(.rel.rodata)
 *(.rel.rodata.*)
 *(.rel.gnu.linkonce.r*)

.rela.rodata
 *(.rela.rodata)
 *(.rela.rodata.*)
 *(.rela.gnu.linkonce.r*)

.rel.data
 *(.rel.data)
 *(.rel.data.*)
 *(.rel.gnu.linkonce.d*)

.rela.data
 *(.rela.data)
 *(.rela.data.*)
 *(.rela.gnu.linkonce.d*)

.rel.ctors
 *(.rel.ctors)

.rela.ctors
 *(.rela.ctors)

.rel.dtors
 *(.rel.dtors)

.rela.dtors
 *(.rela.dtors)

.rel.got
 *(.rel.got)

.rela.got
 *(.rela.got)

.rel.bss
 *(.rel.bss)

.rela.bss
 *(.rela.bss)

.rel.plt
 *(.rel.plt)

.rela.plt
 *(.rela.plt)

.text           0x00004000     0x6034
                0x00004000                . = ALIGN (0x2)
 *(.init)
 *(.init0)
 .init0         0x00004000        0x0 /usr/bin/../lib/gcc/msp430/4.5.3/mmpy-16/libcrt0.a(_reset_vector__.o)
                0x00004000                _reset_vector__
 *(.init1)
 *(.init2)
 .init2         0x00004000        0x4 /usr/bin/../lib/gcc/msp430/4.5.3/mmpy-16/libcrt0.a(__init_stack.o)
                0x00004000                __init_stack
 *(.init3)
 .init3         0x00004004        0xa /usr/bin/../lib/gcc/msp430/4.5.3/mmpy-16/libcrt0.a(__low_level_init.o)
                0x00004004                __low_level_init
 *(.init4)
 .init4         0x0000400e       0x16 /usr/bin/../lib/gcc/msp430/4.5.3/mmpy-16/libcrt0.a(_copy_data.o)
                0x0000400e                __do_copy_data
 .init4         0x00004024       0x14 /usr/bin/../lib/gcc/msp430/4.5.3/mmpy-16/libcrt0.a(_clear_bss.o)
                0x00004024                __do_clear_bss
 *(.init5)
 *(.init6)
 *(.init7)
 *(.init8)
 *(.init9)
 .init9         0x00004038      0x2fa obj_sky/contiki-sky-main.o
                0x00004038                main
 *(.fini9)
 .fini9         0x00004332        0x0 /usr/bin/../lib/gcc/msp430/4.5.3/mmpy-16/libcrt0.a(__stop_progExec__.o)
                0x00004332                __stop_progExec__
 *(.fini8)
 *(.fini7)
 *(.fini6)
 *(.fini5)
 *(.fini4)
 *(.fini3)
 *(.fini2)
 *(.fini1)
 *(.fini0)
 .fini0         0x00004332        0x6 /usr/bin/../lib/gcc/msp430/4.5.3/mmpy-16/libcrt0.a(_endless_loop__.o)
                0x00004332                _endless_loop__
 *(.fini)
                0x00004338                . = ALIGN (0x2)
                0x00004338                __ctors_start = .
 *(.ctors)
                0x00004338                __ctors_end = .
                0x00004338                __dtors_start = .
 *(.dtors)
                0x00004338                __dtors_end = .
                0x00004338                . = ALIGN (0x2)
 *(.text)
 .text          0x00004338        0x4 /usr/bin/../lib/gcc/msp430/4.5.3/mmpy-16/crt0ivtbl16.o
                0x00004338                __isr_14
                0x00004338                __isr_11
                0x00004338                __isr_2
                0x00004338                __isr_7
                0x00004338                __isr_0
                0x00004338                __isr_8
                0x00004338                __isr_3
                0x00004338                __isr_12
                0x00004338                __isr_13
                0x00004338                __isr_9
 .text          0x0000433c       0x64 example-powertrace.co
                0x00004398                autostart_processes
 .text          0x000043a0       0xe1 obj_sky/contiki-sky-main.o
 *fill*         0x00004481        0x1 00
 .text          0x00004482        0x2 contiki-sky.a(rimeaddr.o)
                0x00004482                rimeaddr_null
 .text          0x00004484        0xc contiki-sky.a(rime.o)
                0x0000448a                rime_driver
 .text          0x00004490        0x4 contiki-sky.a(broadcast-annou)
 .text          0x00004494        0x8 contiki-sky.a(broadcast.o)
 .text          0x0000449c        0x2 contiki-sky.a(abc.o)
 .text          0x0000449e       0x10 contiki-sky.a(chameleon-bitop)
                0x0000449e                chameleon_bitopt
 .text          0x000044ae       0x14 contiki-sky.a(csma.o)
                0x000044b4                csma_driver
 .text          0x000044c2       0x1c contiki-sky.a(contikimac.o)
                0x000044ce                contikimac_driver
 .text          0x000044de        0xe contiki-sky.a(serial-line.o)
 .text          0x000044ec        0xc contiki-sky.a(etimer.o)
 .text          0x000044f8        0xf contiki-sky.a(ctimer.o)
 .text          0x00004507      0x148 contiki-sky.a(powertrace.o)
 *fill*         0x0000464f        0x1 00
 .text          0x00004650       0x10 contiki-sky.a(button-sensor.o)
                0x00004658                button_sensor
 .text          0x00004660        0x8 contiki-sky.a(sensors.o)
 .text          0x00004668       0x22 contiki-sky.a(cc2420.o)
                0x00004676                cc2420_driver
 .text          0x0000468a        0x4 contiki-sky.a(framer-802154.o)
                0x0000468a                framer_802154
 .text          0x0000468e        0x2 contiki-sky.a(frame802154.o)
 .text          0x00004690       0x34 /usr/bin/../lib/gcc/msp430/4.5.3/../../../../msp430/lib/mmpy-16/libc.a(memcmp.o)
                0x00004690                memcmp
 .text          0x000046c4      0x104 /usr/bin/../lib/gcc/msp430/4.5.3/../../../../msp430/lib/mmpy-16/libc.a(memcpy.o)
                0x000046c4                memcpy
 .text          0x000047c8       0x66 /usr/bin/../lib/gcc/msp430/4.5.3/../../../../msp430/lib/mmpy-16/libc.a(memset.o)
                0x000047c8                memset
 .text          0x0000482e       0x20 /usr/bin/../lib/gcc/msp430/4.5.3/../../../../msp430/lib/mmpy-16/libc.a(printf.o)
                0x0000482e                printf
                0x00004840                vprintf
 .text          0x0000484e      0x476 /usr/bin/../lib/gcc/msp430/4.5.3/../../../../msp430/lib/mmpy-16/libc.a(vuprintf.o)
                0x0000495a                vuprintf
 .text          0x00004cc4       0x2c /usr/bin/../lib/gcc/msp430/4.5.3/../../../../msp430/lib/mmpy-16/libc.a(puts.o)
                0x00004cc4                puts
 .text          0x00004cf0      0x134 /usr/bin/../lib/gcc/msp430/4.5.3/../../../../msp430/lib/mmpy-16/libc.a(rand.o)
                0x00004cf0                rand_r
                0x00004d84                rand
                0x00004e1a                srand
                0x00004e24                . = ALIGN (0x2)
 *(.text.*)
 .text.process_thread_example_broadcast_process
                0x00004e24       0x98 example-powertrace.co
 .text.broadcast_recv
                0x00004ebc       0x22 example-powertrace.co
 .text.rimeaddr_copy
                0x00004ede        0x6 contiki-sky.a(rimeaddr.o)
                0x00004ede                rimeaddr_copy
 .text.rimeaddr_cmp
                0x00004ee4       0x12 contiki-sky.a(rimeaddr.o)
                0x00004ee4                rimeaddr_cmp
 .text.rimeaddr_set_node_addr
                0x00004ef6        0xc contiki-sky.a(rimeaddr.o)
                0x00004ef6                rimeaddr_set_node_addr
 .text.input    0x00004f02       0x3a contiki-sky.a(rime.o)
 .text.init     0x00004f3c       0x2e contiki-sky.a(rime.o)
 .text.packet_sent
                0x00004f6a       0x44 contiki-sky.a(rime.o)
 .text.rime_output
                0x00004fae       0x20 contiki-sky.a(rime.o)
                0x00004fae                rime_output
 .text.announcement_init
                0x00004fce        0xa contiki-sky.a(announcement.o)
                0x00004fce                announcement_init
 .text.announcement_register_observer_callback
                0x00004fd8        0x6 contiki-sky.a(announcement.o)
                0x00004fd8                announcement_register_observer_callback
 .text.announcement_list
                0x00004fde        0xa contiki-sky.a(announcement.o)
                0x00004fde                announcement_list
 .text.announcement_heard
                0x00004fe8       0x42 contiki-sky.a(announcement.o)
                0x00004fe8                announcement_heard
 .text.adv_packet_sent
                0x0000502a        0x2 contiki-sky.a(broadcast-annou)
 .text.adv_packet_received
                0x0000502c       0x6c contiki-sky.a(broadcast-annou)
 .text.set_timers
                0x00005098       0x60 contiki-sky.a(broadcast-annou)
 .text.new_announcement
                0x000050f8       0x18 contiki-sky.a(broadcast-annou)
 .text.send_timer
                0x00005110       0x38 contiki-sky.a(broadcast-annou)
 .text.send_adv
                0x00005148       0x66 contiki-sky.a(broadcast-annou)
 .text.broadcast_announcement_init
                0x000051ae       0x48 contiki-sky.a(broadcast-annou)
                0x000051ae                broadcast_announcement_init
 .text.sent_by_abc
                0x000051f6       0x10 contiki-sky.a(broadcast.o)
 .text.recv_from_abc
                0x00005206       0x26 contiki-sky.a(broadcast.o)
 .text.broadcast_open
                0x0000522c       0x2a contiki-sky.a(broadcast.o)
                0x0000522c                broadcast_open
 .text.broadcast_close
                0x00005256        0x6 contiki-sky.a(broadcast.o)
                0x00005256                broadcast_close
 .text.broadcast_send
                0x0000525c       0x1a contiki-sky.a(broadcast.o)
                0x0000525c                broadcast_send
 .text.abc_open
                0x00005276       0x26 contiki-sky.a(abc.o)
                0x00005276                abc_open
 .text.abc_close
                0x0000529c        0x6 contiki-sky.a(abc.o)
                0x0000529c                abc_close
 .text.abc_send
                0x000052a2        0x6 contiki-sky.a(abc.o)
                0x000052a2                abc_send
 .text.abc_input
                0x000052a8        0xe contiki-sky.a(abc.o)
                0x000052a8                abc_input
 .text.abc_sent
                0x000052b6       0x10 contiki-sky.a(abc.o)
                0x000052b6                abc_sent
 .text.chameleon_init
                0x000052c6        0x6 contiki-sky.a(chameleon.o)
                0x000052c6                chameleon_init
 .text.chameleon_parse
                0x000052cc       0x10 contiki-sky.a(chameleon.o)
                0x000052cc                chameleon_parse
 .text.chameleon_create
                0x000052dc       0x1c contiki-sky.a(chameleon.o)
                0x000052dc                chameleon_create
 .text.chameleon_hdrsize
                0x000052f8        0x6 contiki-sky.a(chameleon.o)
                0x000052f8                chameleon_hdrsize
 .text.channel_init
                0x000052fe        0xa contiki-sky.a(channel.o)
                0x000052fe                channel_init
 .text.channel_open
                0x00005308       0x10 contiki-sky.a(channel.o)
                0x00005308                channel_open
 .text.channel_close
                0x00005318        0xc contiki-sky.a(channel.o)
                0x00005318                channel_close
 .text.channel_lookup
                0x00005324       0x20 contiki-sky.a(channel.o)
                0x00005324                channel_lookup
 .text.channel_set_attributes
                0x00005344       0x24 contiki-sky.a(channel.o)
                0x00005344                channel_set_attributes
 .text.header_size
                0x00005368       0x16 contiki-sky.a(chameleon-bitop)
 .text.get_bits_in_byte
                0x0000537e       0x30 contiki-sky.a(chameleon-bitop)
                0x0000537e                get_bits_in_byte
 .text.get_bits
                0x000053ae       0xaa contiki-sky.a(chameleon-bitop)
                0x000053ae                get_bits
 .text.unpack_header
                0x00005458       0xde contiki-sky.a(chameleon-bitop)
 .text.set_bits_in_byte
                0x00005536       0x26 contiki-sky.a(chameleon-bitop)
                0x00005536                set_bits_in_byte
 .text.set_bits
                0x0000555c       0xb0 contiki-sky.a(chameleon-bitop)
                0x0000555c                set_bits
 .text.pack_header
                0x0000560c       0xb8 contiki-sky.a(chameleon-bitop)
 .text.input_packet
                0x000056c4        0x6 contiki-sky.a(csma.o)
 .text.on       0x000056ca        0x6 contiki-sky.a(csma.o)
 .text.off      0x000056d0        0x6 contiki-sky.a(csma.o)
 .text.channel_check_interval
                0x000056d6        0xc contiki-sky.a(csma.o)
 .text.transmit_packet_list
                0x000056e2       0x24 contiki-sky.a(csma.o)
 .text.send_packet
                0x00005706      0x164 contiki-sky.a(csma.o)
 .text.free_packet
                0x0000586a       0x90 contiki-sky.a(csma.o)
 .text.packet_sent
                0x000058fa      0x12e contiki-sky.a(csma.o)
 .text.init     0x00005a28       0x1a contiki-sky.a(csma.o)
 .text.on       0x00005a42       0x16 contiki-sky.a(contikimac.o)
 .text.off      0x00005a58       0x1e contiki-sky.a(contikimac.o)
 .text.recv_burst_off
                0x00005a76        0xa contiki-sky.a(contikimac.o)
 .text.turn_off
                0x00005a80       0x20 contiki-sky.a(contikimac.o)
 .text.duty_cycle
                0x00005aa0        0x6 contiki-sky.a(contikimac.o)
 .text.turn_on  0x00005aa6       0x30 contiki-sky.a(contikimac.o)
 .text.schedule_powercycle_fixed
                0x00005ad6       0x40 contiki-sky.a(contikimac.o)
 .text.powercycle_turn_radio_off
                0x00005b16       0x2c contiki-sky.a(contikimac.o)
 .text.powercycle
                0x00005b42      0x1c0 contiki-sky.a(contikimac.o)
 .text.input_packet
                0x00005d02      0x118 contiki-sky.a(contikimac.o)
 .text.send_packet
                0x00005e1a      0x2e2 contiki-sky.a(contikimac.o)
 .text.qsend_list
                0x000060fc       0x86 contiki-sky.a(contikimac.o)
 .text.qsend_packet
                0x00006182       0x28 contiki-sky.a(contikimac.o)
 .text.init     0x000061aa       0x2e contiki-sky.a(contikimac.o)
 .text.send_packet
                0x000061d8       0x44 contiki-sky.a(phase.o)
 .text.phase_update
                0x0000621c       0x90 contiki-sky.a(phase.o)
                0x0000621c                phase_update
 .text.phase_wait
                0x000062ac      0x112 contiki-sky.a(phase.o)
                0x000062ac                phase_wait
 .text.phase_init
                0x000063be       0x14 contiki-sky.a(phase.o)
                0x000063be                phase_init
 .text.call_process
                0x000063d2       0x4c contiki-sky.a(process.o)
 .text.exit_process
                0x0000641e       0x94 contiki-sky.a(process.o)
 .text.do_poll  0x000064b2       0x30 contiki-sky.a(process.o)
 .text.process_alloc_event
                0x000064e2        0xe contiki-sky.a(process.o)
                0x000064e2                process_alloc_event
 .text.process_init
                0x000064f0       0x1c contiki-sky.a(process.o)
                0x000064f0                process_init
 .text.process_run
                0x0000650c       0x9c contiki-sky.a(process.o)
                0x0000650c                process_run
 .text.process_nevents
                0x000065a8        0xc contiki-sky.a(process.o)
                0x000065a8                process_nevents
 .text.process_post
                0x000065b4       0x54 contiki-sky.a(process.o)
                0x000065b4                process_post
 .text.process_post_synch
                0x00006608       0x12 contiki-sky.a(process.o)
                0x00006608                process_post_synch
 .text.process_start
                0x0000661a       0x32 contiki-sky.a(process.o)
                0x0000661a                process_start
 .text.process_poll
                0x0000664c       0x1a contiki-sky.a(process.o)
                0x0000664c                process_poll
 .text.autostart_start
                0x00006666       0x18 contiki-sky.a(autostart.o)
                0x00006666                autostart_start
 .text.compower_accumulate
                0x0000667e       0x72 contiki-sky.a(compower.o)
                0x0000667e                compower_accumulate
 .text.compower_clear
                0x000066f0       0x12 contiki-sky.a(compower.o)
                0x000066f0                compower_clear
 .text.compower_attrconv
                0x00006702       0x10 contiki-sky.a(compower.o)
                0x00006702                compower_attrconv
 .text.process_thread_serial_line_process
                0x00006712       0xa6 contiki-sky.a(serial-line.o)
 .text.serial_line_input_byte
                0x000067b8       0x46 contiki-sky.a(serial-line.o)
                0x000067b8                serial_line_input_byte
 .text.serial_line_init
                0x000067fe       0x1c contiki-sky.a(serial-line.o)
                0x000067fe                serial_line_init
 .text.memb_init
                0x0000681a       0x36 contiki-sky.a(memb.o)
                0x0000681a                memb_init
 .text.memb_alloc
                0x00006850       0x3e contiki-sky.a(memb.o)
                0x00006850                memb_alloc
 .text.memb_free
                0x0000688e       0x3a contiki-sky.a(memb.o)
                0x0000688e                memb_free
 .text.memb_inmemb
                0x000068c8       0x2e contiki-sky.a(memb.o)
                0x000068c8                memb_inmemb
 .text.timer_set
                0x000068f6       0x1c contiki-sky.a(timer.o)
                0x000068f6                timer_set
 .text.timer_reset
                0x00006912        0xe contiki-sky.a(timer.o)
                0x00006912                timer_reset
 .text.timer_expired
                0x00006920       0x2e contiki-sky.a(timer.o)
                0x00006920                timer_expired
 .text.list_init
                0x0000694e        0x6 contiki-sky.a(list.o)
                0x0000694e                list_init
 .text.list_head
                0x00006954        0x4 contiki-sky.a(list.o)
                0x00006954                list_head
 .text.list_tail
                0x00006958       0x14 contiki-sky.a(list.o)
                0x00006958                list_tail
 .text.list_remove
                0x0000696c       0x2e contiki-sky.a(list.o)
                0x0000696c                list_remove
 .text.list_push
                0x0000699a       0x1a contiki-sky.a(list.o)
                0x0000699a                list_push
 .text.list_add
                0x000069b4       0x2a contiki-sky.a(list.o)
                0x000069b4                list_add
 .text.list_length
                0x000069de       0x10 contiki-sky.a(list.o)
                0x000069de                list_length
 .text.list_item_next
                0x000069ee        0x8 contiki-sky.a(list.o)
                0x000069ee                list_item_next
 .text.update_time
                0x000069f6       0x78 contiki-sky.a(etimer.o)
 .text.etimer_request_poll
                0x00006a6e        0xa contiki-sky.a(etimer.o)
                0x00006a6e                etimer_request_poll
 .text.process_thread_etimer_process
                0x00006a78       0xce contiki-sky.a(etimer.o)
 .text.add_timer
                0x00006b46       0x40 contiki-sky.a(etimer.o)
 .text.etimer_set
                0x00006b86       0x12 contiki-sky.a(etimer.o)
                0x00006b86                etimer_set
 .text.etimer_reset
                0x00006b98       0x12 contiki-sky.a(etimer.o)
                0x00006b98                etimer_reset
 .text.etimer_expired
                0x00006baa        0xe contiki-sky.a(etimer.o)
                0x00006baa                etimer_expired
 .text.etimer_pending
                0x00006bb8        0xe contiki-sky.a(etimer.o)
                0x00006bb8                etimer_pending
 .text.etimer_next_expiration_time
                0x00006bc6       0x16 contiki-sky.a(etimer.o)
                0x00006bc6                etimer_next_expiration_time
 .text.etimer_stop
                0x00006bdc       0x3c contiki-sky.a(etimer.o)
                0x00006bdc                etimer_stop
 .text.process_thread_ctimer_process
                0x00006c18       0xa4 contiki-sky.a(ctimer.o)
 .text.ctimer_init
                0x00006cbc       0x18 contiki-sky.a(ctimer.o)
                0x00006cbc                ctimer_init
 .text.ctimer_set
                0x00006cd4       0x5a contiki-sky.a(ctimer.o)
                0x00006cd4                ctimer_set
 .text.ctimer_reset
                0x00006d2e       0x3a contiki-sky.a(ctimer.o)
                0x00006d2e                ctimer_reset
 .text.ctimer_stop
                0x00006d68       0x28 contiki-sky.a(ctimer.o)
                0x00006d68                ctimer_stop
 .text.energest_init
                0x00006d90       0x2a contiki-sky.a(energest.o)
                0x00006d90                energest_init
 .text.energest_type_time
                0x00006dba       0x44 contiki-sky.a(energest.o)
                0x00006dba                energest_type_time
 .text.energest_type_set
                0x00006dfe        0xe contiki-sky.a(energest.o)
                0x00006dfe                energest_type_set
 .text.energest_flush
                0x00006e0c       0x4a contiki-sky.a(energest.o)
                0x00006e0c                energest_flush
 .text.rtimer_init
                0x00006e56        0x6 contiki-sky.a(rtimer.o)
                0x00006e56                rtimer_init
 .text.rtimer_set
                0x00006e5c       0x24 contiki-sky.a(rtimer.o)
                0x00006e5c                rtimer_set
 .text.rtimer_run_next
                0x00006e80       0x26 contiki-sky.a(rtimer.o)
                0x00006e80                rtimer_run_next
 .text.random_init
                0x00006ea6        0x6 contiki-sky.a(random.o)
                0x00006ea6                random_init
 .text.random_rand
                0x00006eac        0x6 contiki-sky.a(random.o)
                0x00006eac                random_rand
 .text.ringbuf_init
                0x00006eb2       0x14 contiki-sky.a(ringbuf.o)
                0x00006eb2                ringbuf_init
 .text.ringbuf_put
                0x00006ec6       0x3c contiki-sky.a(ringbuf.o)
                0x00006ec6                ringbuf_put
 .text.ringbuf_get
                0x00006f02       0x32 contiki-sky.a(ringbuf.o)
                0x00006f02                ringbuf_get
 .text.index_from_key
                0x00006f34       0x34 contiki-sky.a(nbr-table.o)
 .text.item_from_key
                0x00006f68       0x38 contiki-sky.a(nbr-table.o)
 .text.nbr_set_bit
                0x00006fa0       0x6e contiki-sky.a(nbr-table.o)
 .text.index_from_lladdr
                0x0000700e       0x42 contiki-sky.a(nbr-table.o)
 .text.nbr_get_bit.clone.0
                0x00007050       0x40 contiki-sky.a(nbr-table.o)
 .text.nbr_table_register
                0x00007090       0x26 contiki-sky.a(nbr-table.o)
                0x00007090                nbr_table_register
 .text.nbr_table_add_lladdr
                0x000070b6      0x13e contiki-sky.a(nbr-table.o)
                0x000070b6                nbr_table_add_lladdr
 .text.nbr_table_get_from_lladdr
                0x000071f4       0x4c contiki-sky.a(nbr-table.o)
                0x000071f4                nbr_table_get_from_lladdr
 .text.nbr_table_remove
                0x00007240       0x32 contiki-sky.a(nbr-table.o)
                0x00007240                nbr_table_remove
 .text.packetbuf_copyto_hdr
                0x00007272       0x1c contiki-sky.a(packetbuf.o)
                0x00007272                packetbuf_copyto_hdr
 .text.packetbuf_copyto
                0x0000728e       0x52 contiki-sky.a(packetbuf.o)
                0x0000728e                packetbuf_copyto
 .text.packetbuf_hdr_remove
                0x000072e0        0x6 contiki-sky.a(packetbuf.o)
                0x000072e0                packetbuf_hdr_remove
 .text.packetbuf_hdrreduce
                0x000072e6       0x1a contiki-sky.a(packetbuf.o)
                0x000072e6                packetbuf_hdrreduce
 .text.packetbuf_set_datalen
                0x00007300        0x6 contiki-sky.a(packetbuf.o)
                0x00007300                packetbuf_set_datalen
 .text.packetbuf_dataptr
                0x00007306        0xa contiki-sky.a(packetbuf.o)
                0x00007306                packetbuf_dataptr
 .text.packetbuf_hdrptr
                0x00007310        0xa contiki-sky.a(packetbuf.o)
                0x00007310                packetbuf_hdrptr
 .text.packetbuf_is_reference
                0x0000731a        0xe contiki-sky.a(packetbuf.o)
                0x0000731a                packetbuf_is_reference
 .text.packetbuf_compact
                0x00007328       0x48 contiki-sky.a(packetbuf.o)
                0x00007328                packetbuf_compact
 .text.packetbuf_reference_ptr
                0x00007370        0x6 contiki-sky.a(packetbuf.o)
                0x00007370                packetbuf_reference_ptr
 .text.packetbuf_datalen
                0x00007376        0x6 contiki-sky.a(packetbuf.o)
                0x00007376                packetbuf_datalen
 .text.packetbuf_totlen
                0x0000737c       0x10 contiki-sky.a(packetbuf.o)
                0x0000737c                packetbuf_totlen
 .text.packetbuf_hdralloc
                0x0000738c       0x2e contiki-sky.a(packetbuf.o)
                0x0000738c                packetbuf_hdralloc
 .text.packetbuf_attr_clear
                0x000073ba       0x2e contiki-sky.a(packetbuf.o)
                0x000073ba                packetbuf_attr_clear
 .text.packetbuf_clear
                0x000073e8       0x20 contiki-sky.a(packetbuf.o)
                0x000073e8                packetbuf_clear
 .text.packetbuf_copyfrom
                0x00007408       0x2e contiki-sky.a(packetbuf.o)
                0x00007408                packetbuf_copyfrom
 .text.packetbuf_attr_copyto
                0x00007436       0x20 contiki-sky.a(packetbuf.o)
                0x00007436                packetbuf_attr_copyto
 .text.packetbuf_attr_copyfrom
                0x00007456       0x2c contiki-sky.a(packetbuf.o)
                0x00007456                packetbuf_attr_copyfrom
 .text.queuebuf_init
                0x00007482       0x1a contiki-sky.a(queuebuf.o)
                0x00007482                queuebuf_init
 .text.queuebuf_new_from_packetbuf
                0x0000749c       0x80 contiki-sky.a(queuebuf.o)
                0x0000749c                queuebuf_new_from_packetbuf
 .text.queuebuf_update_attr_from_packetbuf
                0x0000751c       0x12 contiki-sky.a(queuebuf.o)
                0x0000751c                queuebuf_update_attr_from_packetbuf
 .text.queuebuf_free
                0x0000752e       0x46 contiki-sky.a(queuebuf.o)
                0x0000752e                queuebuf_free
 .text.queuebuf_to_packetbuf
                0x00007574       0x70 contiki-sky.a(queuebuf.o)
                0x00007574                queuebuf_to_packetbuf
 .text.queuebuf_attr
                0x000075e4        0xe contiki-sky.a(queuebuf.o)
                0x000075e4                queuebuf_attr
 .text.add_packet_stats
                0x000075f2      0x100 contiki-sky.a(powertrace.o)
 .text.output_sniffer
                0x000076f2        0x8 contiki-sky.a(powertrace.o)
 .text.input_sniffer
                0x000076fa        0x8 contiki-sky.a(powertrace.o)
 .text.sniffprint
                0x00007702       0x72 contiki-sky.a(powertrace.o)
 .text.output_printsniffer
                0x00007774       0x16 contiki-sky.a(powertrace.o)
 .text.input_printsniffer
                0x0000778a       0x70 contiki-sky.a(powertrace.o)
 .text.powertrace_print
                0x000077fa      0xb76 contiki-sky.a(powertrace.o)
                0x000077fa                powertrace_print
 .text.process_thread_powertrace_process
                0x00008370       0x5c contiki-sky.a(powertrace.o)
 .text.powertrace_start
                0x000083cc       0x18 contiki-sky.a(powertrace.o)
                0x000083cc                powertrace_start
 .text.init_platform
                0x000083e4        0xc contiki-sky.a(contiki-sky-pla)
                0x000083e4                init_platform
 .text.status   0x000083f0       0x16 contiki-sky.a(button-sensor.o)
 .text.configure
                0x00008406       0x4a contiki-sky.a(button-sensor.o)
 .text.value    0x00008450       0x26 contiki-sky.a(button-sensor.o)
 .text.irq_p2   0x00008476       0x92 contiki-sky.a(button-sensor.o)
                0x00008476                irq_p2
                0x00008476                __isr_1
 .text.crc8_add
                0x00008508       0x1a contiki-sky.a(ds2411.o)
 .text.owreadb  0x00008522       0x56 contiki-sky.a(ds2411.o)
 .text.ds2411_init
                0x00008578      0x10a contiki-sky.a(ds2411.o)
                0x00008578                ds2411_init
 .text.wait_ready
                0x00008682       0x4e contiki-sky.a(xmem.o)
 .text.xmem_init
                0x000086d0       0x3c contiki-sky.a(xmem.o)
                0x000086d0                xmem_init
 .text.xmem_pread
                0x0000870c       0xdc contiki-sky.a(xmem.o)
                0x0000870c                xmem_pread
 .text.node_id_restore
                0x000087e8       0x38 contiki-sky.a(node-id.o)
                0x000087e8                node_id_restore
 .text.get_sensor_index
                0x00008820       0x22 contiki-sky.a(sensors.o)
 .text.process_thread_sensors_process
                0x00008842       0xc2 contiki-sky.a(sensors.o)
 .text.sensors_changed
                0x00008904       0x14 contiki-sky.a(sensors.o)
                0x00008904                sensors_changed
 .text.strobe   0x00008918       0x1e contiki-sky.a(cc2420.o)
 .text.status   0x00008936       0x24 contiki-sky.a(cc2420.o)
 .text.getreg   0x0000895a       0x50 contiki-sky.a(cc2420.o)
 .text.setreg   0x000089aa       0x48 contiki-sky.a(cc2420.o)
 .text.set_txpower
                0x000089f2       0x2a contiki-sky.a(cc2420.o)
 .text.cc2420_receiving_packet
                0x00008a1c       0x10 contiki-sky.a(cc2420.o)
 .text.pending_packet
                0x00008a2c        0x8 contiki-sky.a(cc2420.o)
 .text.on       0x00008a34       0x46 contiki-sky.a(cc2420.o)
 .text.flushrx  0x00008a7a       0x74 contiki-sky.a(cc2420.o)
 .text.off      0x00008aee       0x78 contiki-sky.a(cc2420.o)
 .text.RELEASE_LOCK
                0x00008b66       0x28 contiki-sky.a(cc2420.o)
 .text.cc2420_prepare
                0x00008b8e       0x82 contiki-sky.a(cc2420.o)
 .text.cc2420_on
                0x00008c10       0x22 contiki-sky.a(cc2420.o)
                0x00008c10                cc2420_on
 .text.cc2420_off
                0x00008c32       0x30 contiki-sky.a(cc2420.o)
                0x00008c32                cc2420_off
 .text.cc2420_cca
                0x00008c62       0x7a contiki-sky.a(cc2420.o)
 .text.getrxdata
                0x00008cdc       0x4e contiki-sky.a(cc2420.o)
 .text.cc2420_read
                0x00008d2a       0xe6 contiki-sky.a(cc2420.o)
 .text.process_thread_cc2420_process
                0x00008e10       0x50 contiki-sky.a(cc2420.o)
 .text.cc2420_set_channel
                0x00008e60       0x7a contiki-sky.a(cc2420.o)
                0x00008e60                cc2420_set_channel
 .text.cc2420_set_pan_addr
                0x00008eda      0x13a contiki-sky.a(cc2420.o)
                0x00008eda                cc2420_set_pan_addr
 .text.cc2420_interrupt
                0x00009014       0x20 contiki-sky.a(cc2420.o)
                0x00009014                cc2420_interrupt
 .text.cc2420_get_txpower
                0x00009034       0x1e contiki-sky.a(cc2420.o)
                0x00009034                cc2420_get_txpower
 .text.cc2420_transmit
                0x00009052      0x1a4 contiki-sky.a(cc2420.o)
 .text.cc2420_send
                0x000091f6       0x12 contiki-sky.a(cc2420.o)
 .text.cc2420_set_cca_threshold
                0x00009208       0x16 contiki-sky.a(cc2420.o)
                0x00009208                cc2420_set_cca_threshold
 .text.cc2420_init
                0x0000921e       0xdc contiki-sky.a(cc2420.o)
                0x0000921e                cc2420_init
 .text.cc2420_port1_interrupt
                0x000092fa       0x6a contiki-sky.a(cc2420-arch.o)
                0x000092fa                __isr_4
                0x000092fa                cc2420_port1_interrupt
 .text.cc2420_arch_init
                0x00009364       0x1a contiki-sky.a(cc2420-arch.o)
                0x00009364                cc2420_arch_init
 .text.handle_rxdma_timer
                0x0000937e       0x42 contiki-sky.a(uart1.o)
 .text.uart1_active
                0x000093c0       0x18 contiki-sky.a(uart1.o)
                0x000093c0                uart1_active
 .text.uart1_set_input
                0x000093d8       0x20 contiki-sky.a(uart1.o)
                0x000093d8                uart1_set_input
 .text.uart1_writeb
                0x000093f8       0x1a contiki-sky.a(uart1.o)
                0x000093f8                uart1_writeb
 .text.uart1_init
                0x00009412       0xee contiki-sky.a(uart1.o)
                0x00009412                uart1_init
 .text.putchar  0x00009500        0xe contiki-sky.a(uart1-putchar.o)
                0x00009500                putchar
 .text.msp430_init_dco
                0x0000950e       0x74 contiki-sky.a(msp430.o)
                0x0000950e                msp430_init_dco
 .text.msp430_add_lpm_req
                0x00009582        0xa contiki-sky.a(msp430.o)
                0x00009582                msp430_add_lpm_req
 .text.msp430_cpu_init
                0x0000958c       0x2a contiki-sky.a(msp430.o)
                0x0000958c                msp430_cpu_init
 .text.splhigh_
                0x000095b6        0x8 contiki-sky.a(msp430.o)
                0x000095b6                splhigh_
 .text.msp430_sync_dco
                0x000095be       0x60 contiki-sky.a(msp430.o)
                0x000095be                msp430_sync_dco
 .text.timera1  0x0000961e       0xee contiki-sky.a(clock.o)
                0x0000961e                __isr_5
                0x0000961e                timera1
 .text.clock_time
                0x0000970c       0x1a contiki-sky.a(clock.o)
                0x0000970c                clock_time
 .text.clock_init
                0x00009726       0x28 contiki-sky.a(clock.o)
                0x00009726                clock_init
 .text.clock_delay
                0x0000974e        0xc contiki-sky.a(clock.o)
                0x0000974e                clock_delay
 .text.show_leds
                0x0000975a      0x10c contiki-sky.a(leds.o)
 .text.leds_init
                0x00009866        0xe contiki-sky.a(leds.o)
                0x00009866                leds_init
 .text.leds_on  0x00009874       0x14 contiki-sky.a(leds.o)
                0x00009874                leds_on
 .text.leds_off
                0x00009888       0x14 contiki-sky.a(leds.o)
                0x00009888                leds_off
 .text.leds_arch_init
                0x0000989c        0xe contiki-sky.a(leds-arch.o)
                0x0000989c                leds_arch_init
 .text.leds_arch_set
                0x000098aa       0x3a contiki-sky.a(leds-arch.o)
                0x000098aa                leds_arch_set
 .text.watchdog_interrupt
                0x000098e4        0x6 contiki-sky.a(watchdog.o)
                0x000098e4                __isr_10
                0x000098e4                watchdog_interrupt
 .text.watchdog_start
                0x000098ea       0x14 contiki-sky.a(watchdog.o)
                0x000098ea                watchdog_start
 .text.watchdog_periodic
                0x000098fe       0x12 contiki-sky.a(watchdog.o)
                0x000098fe                watchdog_periodic
 .text.watchdog_stop
                0x00009910       0x16 contiki-sky.a(watchdog.o)
                0x00009910                watchdog_stop
 .text.watchdog_init
                0x00009926       0x14 contiki-sky.a(watchdog.o)
                0x00009926                watchdog_init
 .text.rtimer_arch_init
                0x0000993a        0xe contiki-sky.a(rtimer-arch.o)
                0x0000993a                rtimer_arch_init
 .text.rtimer_arch_now
                0x00009948        0xe contiki-sky.a(rtimer-arch.o)
                0x00009948                rtimer_arch_now
 .text.timera0  0x00009956       0x76 contiki-sky.a(rtimer-arch.o)
                0x00009956                __isr_6
                0x00009956                timera0
 .text.rtimer_arch_schedule
                0x000099cc        0x6 contiki-sky.a(rtimer-arch.o)
                0x000099cc                rtimer_arch_schedule
 .text.mac_call_sent_callback
                0x000099d2       0x14 contiki-sky.a(mac.o)
                0x000099d2                mac_call_sent_callback
 .text.parse    0x000099e6       0xa8 contiki-sky.a(framer-802154.o)
 .text.create   0x00009a8e      0x106 contiki-sky.a(framer-802154.o)
 .text.spi_init
                0x00009b94       0x32 contiki-sky.a(spi.o)
                0x00009b94                spi_init
 .text.field_len
                0x00009bc6       0x98 contiki-sky.a(frame802154.o)
 .text.frame802154_hdrlen
                0x00009c5e       0x2e contiki-sky.a(frame802154.o)
                0x00009c5e                frame802154_hdrlen
 .text.frame802154_create
                0x00009c8c      0x16c contiki-sky.a(frame802154.o)
                0x00009c8c                frame802154_create
 .text.frame802154_parse
                0x00009df8      0x19e contiki-sky.a(frame802154.o)
                0x00009df8                frame802154_parse
 .text.libgcc   0x00009f96       0x20 /usr/bin/../lib/gcc/msp430/4.5.3/mmpy-16/libgcc.a(_mulsi3.o)
                0x00009f96                __mulsi3
 .text.libgcc   0x00009fb6       0x1c /usr/bin/../lib/gcc/msp430/4.5.3/mmpy-16/libgcc.a(_udivmodhi4.o)
                0x00009fb6                __udivmodhi4
 .text.libgcc   0x00009fd2       0x36 /usr/bin/../lib/gcc/msp430/4.5.3/mmpy-16/libgcc.a(_divmodhi4.o)
                0x00009fd2                __divmodhi4
 .text.libgcc   0x0000a008       0x2a /usr/bin/../lib/gcc/msp430/4.5.3/mmpy-16/libgcc.a(_udivmodsi4.o)
                0x0000a008                __udivmodsi4
 .text.crt0     0x0000a032        0x2 /usr/bin/../lib/gcc/msp430/4.5.3/mmpy-16/libcrt0.a(_unexpected_.o)
                0x0000a032                _unexpected_
                0x0000a034                _etext = .

.data           0x00001100       0xac load address 0x0000a034
                0x00001100                . = ALIGN (0x2)
                0x00001100                PROVIDE (__data_start, .)
 *(.data)
 .data          0x00001100        0xa example-powertrace.co
                0x00001100                example_broadcast_process
 .data          0x0000110a       0x18 contiki-sky.a(csma.o)
 .data          0x00001122       0x10 contiki-sky.a(phase.o)
 .data          0x00001132        0xa contiki-sky.a(serial-line.o)
                0x00001132                serial_line_process
 .data          0x0000113c        0xa contiki-sky.a(etimer.o)
                0x0000113c                etimer_process
 .data          0x00001146        0xa contiki-sky.a(ctimer.o)
                0x00001146                ctimer_process
 .data          0x00001150        0x8 contiki-sky.a(nbr-table.o)
 .data          0x00001158       0x18 contiki-sky.a(queuebuf.o)
 .data          0x00001170       0x1e contiki-sky.a(powertrace.o)
                0x00001170                powertrace_process
 .data          0x0000118e        0x4 contiki-sky.a(contiki-sky-pla)
                0x0000118e                sensors
 .data          0x00001192        0xa contiki-sky.a(sensors.o)
                0x00001192                sensors_process
 .data          0x0000119c        0xa contiki-sky.a(cc2420.o)
                0x0000119c                cc2420_process
 .data          0x000011a6        0x2 contiki-sky.a(msp430.o)
 .data          0x000011a8        0x4 /usr/bin/../lib/gcc/msp430/4.5.3/../../../../msp430/lib/mmpy-16/libc.a(rand.o)
 *(SORT(.data.*))
                0x000011ac                . = ALIGN (0x2)
 *(.gnu.linkonce.d*)
                0x000011ac                . = ALIGN (0x2)
                0x000011ac                _edata = .
                0x0000a034                PROVIDE (__data_load_start, LOADADDR (.data))
                0x000000ac                PROVIDE (__data_size, SIZEOF (.data))

.bss            0x000011ac     0x168e load address 0x0000a0e0
                0x000011ac                PROVIDE (__bss_start, .)
 *(.bss)
 .bss           0x000011ac       0x18 example-powertrace.co
 .bss           0x000011c4        0xc obj_sky/contiki-sky-main.o
 .bss           0x000011d0        0x2 contiki-sky.a(rime.o)
 .bss           0x000011d2        0x6 contiki-sky.a(announcement.o)
 .bss           0x000011d8       0x46 contiki-sky.a(broadcast-annou)
 .bss           0x0000121e        0x2 contiki-sky.a(channel.o)
 .bss           0x00001220      0x126 contiki-sky.a(csma.o)
 .bss           0x00001346       0x78 contiki-sky.a(contikimac.o)
 .bss           0x000013be      0x148 contiki-sky.a(phase.o)
 .bss           0x00001506       0x42 contiki-sky.a(process.o)
                0x00001506                process_list
                0x00001508                process_current
 .bss           0x00001548        0x8 contiki-sky.a(compower.o)
 .bss           0x00001550      0x10a contiki-sky.a(serial-line.o)
 .bss           0x0000165a        0x6 contiki-sky.a(etimer.o)
 .bss           0x00001660        0x4 contiki-sky.a(ctimer.o)
 .bss           0x00001664        0x2 contiki-sky.a(rtimer.o)
 .bss           0x00001666       0x4c contiki-sky.a(nbr-table.o)
 .bss           0x000016b2       0xba contiki-sky.a(packetbuf.o)
 .bss           0x0000176c      0xc4e contiki-sky.a(queuebuf.o)
 .bss           0x000023ba      0x2fe contiki-sky.a(powertrace.o)
 .bss           0x000026b8        0x8 contiki-sky.a(button-sensor.o)
 .bss           0x000026c0        0x2 contiki-sky.a(node-id.o)
                0x000026c0                node_id
 .bss           0x000026c2        0x6 contiki-sky.a(sensors.o)
 .bss           0x000026c8        0xa contiki-sky.a(cc2420.o)
 .bss           0x000026d2       0x9a contiki-sky.a(uart1.o)
 .bss           0x0000276c        0xa contiki-sky.a(clock.o)
 .bss           0x00002776        0x2 contiki-sky.a(leds.o)
 .bss           0x00002778        0x2 contiki-sky.a(watchdog.o)
 .bss           0x0000277a        0x2 contiki-sky.a(framer-802154.o)
 *(SORT(.bss.*))
 *(COMMON)
 COMMON         0x0000277c        0x2 contiki-sky.a(rimeaddr.o)
                0x0000277c                rimeaddr_node_addr
 COMMON         0x0000277e        0x1 contiki-sky.a(process.o)
                0x0000277e                process_maxevents
 *fill*         0x0000277f        0x1 00
 COMMON         0x00002780        0x8 contiki-sky.a(compower.o)
                0x00002780                compower_idle_activity
 COMMON         0x00002788        0x1 contiki-sky.a(serial-line.o)
                0x00002788                serial_line_event_message
 *fill*         0x00002789        0x1 00
 COMMON         0x0000278a       0x56 contiki-sky.a(energest.o)
                0x0000278a                energest_total_time
                0x000027ba                energest_total_count
                0x000027bc                energest_current_mode
                0x000027c8                energest_current_time
 COMMON         0x000027e0       0x38 contiki-sky.a(packetbuf.o)
                0x000027e0                packetbuf_addrs
                0x000027e8                packetbuf_attrs
 COMMON         0x00002818        0x2 contiki-sky.a(contiki-sky-pla)
                0x00002818                sensors_flags
 COMMON         0x0000281a        0x8 contiki-sky.a(ds2411.o)
                0x0000281a                ds2411_id
 COMMON         0x00002822        0x1 contiki-sky.a(sensors.o)
                0x00002822                sensors_event
 *fill*         0x00002823        0x1 00
 COMMON         0x00002824       0x14 contiki-sky.a(cc2420.o)
                0x00002824                cc2420_last_rssi
                0x00002826                cc2420_packets_read
                0x00002828                cc2420_packets_seen
                0x0000282a                cc2420_sfd_start_time
                0x0000282c                cc2420_time_of_departure
                0x0000282e                cc2420_time_of_arrival
                0x00002830                cc2420_last_correlation
                0x00002832                cc2420_authority_level_of_sender
                0x00002834                cc2420_sfd_counter
                0x00002836                cc2420_sfd_end_time
 COMMON         0x00002838        0x2 contiki-sky.a(msp430.o)
                0x00002838                msp430_dco_required
                0x0000283a                PROVIDE (__bss_end, .)
                0x0000283a                _end = .
                0x0000168e                PROVIDE (__bss_size, SIZEOF (.bss))

.noinit         0x0000283a        0x0 load address 0x0000a0e0
                0x0000283a                PROVIDE (__noinit_start, .)
 *(.noinit)
 *(.noinit.*)
 *(COMMON)
                0x0000283a                PROVIDE (__noinit_end, .)
                0x0000283a                _end = .

.infomem        0x00001000        0x0
 *(.infomem)
                0x00001000                . = ALIGN (0x2)
 *(.infomem.*)

.vectors        0x0000ffe0       0x20
                0x0000ffe0                PROVIDE (__vectors_start, .)
 *(.vectors*)
 .vectors       0x0000ffe0       0x20 /usr/bin/../lib/gcc/msp430/4.5.3/mmpy-16/crt0ivtbl16.o
                0x0000ffe0                __ivtbl_16
                0x00010000                _vectors_end = .

.fartext        0x00000000        0x0
                0x00000000                . = ALIGN (0x2)
 *(.fartext)
                0x00000000                . = ALIGN (0x2)
 *(.fartext.*)
                0x00000000                _efartext = .

.profiler
 *(.profiler)

.stab
 *(.stab)

.stabstr
 *(.stabstr)

.stab.excl
 *(.stab.excl)

.stab.exclstr
 *(.stab.exclstr)

.stab.index
 *(.stab.index)

.stab.indexstr
 *(.stab.indexstr)

.comment
 *(.comment)

.debug
 *(.debug)

.line
 *(.line)

.debug_srcinfo
 *(.debug_srcinfo)

.debug_sfnames
 *(.debug_sfnames)

.debug_aranges  0x00000000       0xa0
 *(.debug_aranges)
 .debug_aranges
                0x00000000       0x14 /usr/bin/../lib/gcc/msp430/4.5.3/../../../../msp430/lib/mmpy-16/libc.a(strncmp.o)
 .debug_aranges
                0x00000014       0x14 /usr/bin/../lib/gcc/msp430/4.5.3/../../../../msp430/lib/mmpy-16/libc.a(memcmp.o)
 .debug_aranges
                0x00000028       0x14 /usr/bin/../lib/gcc/msp430/4.5.3/../../../../msp430/lib/mmpy-16/libc.a(memcpy.o)
 .debug_aranges
                0x0000003c       0x14 /usr/bin/../lib/gcc/msp430/4.5.3/../../../../msp430/lib/mmpy-16/libc.a(memset.o)
 .debug_aranges
                0x00000050       0x14 /usr/bin/../lib/gcc/msp430/4.5.3/../../../../msp430/lib/mmpy-16/libc.a(printf.o)
 .debug_aranges
                0x00000064       0x14 /usr/bin/../lib/gcc/msp430/4.5.3/../../../../msp430/lib/mmpy-16/libc.a(vuprintf.o)
 .debug_aranges
                0x00000078       0x14 /usr/bin/../lib/gcc/msp430/4.5.3/../../../../msp430/lib/mmpy-16/libc.a(puts.o)
 .debug_aranges
                0x0000008c       0x14 /usr/bin/../lib/gcc/msp430/4.5.3/../../../../msp430/lib/mmpy-16/libc.a(rand.o)

.debug_pubnames
                0x00000000      0x108
 *(.debug_pubnames)
 .debug_pubnames
                0x00000000       0x1e /usr/bin/../lib/gcc/msp430/4.5.3/../../../../msp430/lib/mmpy-16/libc.a(strncmp.o)
 .debug_pubnames
                0x0000001e       0x1d /usr/bin/../lib/gcc/msp430/4.5.3/../../../../msp430/lib/mmpy-16/libc.a(memcmp.o)
 .debug_pubnames
                0x0000003b       0x1d /usr/bin/../lib/gcc/msp430/4.5.3/../../../../msp430/lib/mmpy-16/libc.a(memcpy.o)
 .debug_pubnames
                0x00000058       0x1d /usr/bin/../lib/gcc/msp430/4.5.3/../../../../msp430/lib/mmpy-16/libc.a(memset.o)
 .debug_pubnames
                0x00000075       0x29 /usr/bin/../lib/gcc/msp430/4.5.3/../../../../msp430/lib/mmpy-16/libc.a(printf.o)
 .debug_pubnames
                0x0000009e       0x1f /usr/bin/../lib/gcc/msp430/4.5.3/../../../../msp430/lib/mmpy-16/libc.a(vuprintf.o)
 .debug_pubnames
                0x000000bd       0x1b /usr/bin/../lib/gcc/msp430/4.5.3/../../../../msp430/lib/mmpy-16/libc.a(puts.o)
 .debug_pubnames
                0x000000d8       0x30 /usr/bin/../lib/gcc/msp430/4.5.3/../../../../msp430/lib/mmpy-16/libc.a(rand.o)

.debug_info     0x00000000      0xa35
 *(.debug_info)
 .debug_info    0x00000000       0xbd /usr/bin/../lib/gcc/msp430/4.5.3/../../../../msp430/lib/mmpy-16/libc.a(strncmp.o)
 .debug_info    0x000000bd       0xe2 /usr/bin/../lib/gcc/msp430/4.5.3/../../../../msp430/lib/mmpy-16/libc.a(memcmp.o)
 .debug_info    0x0000019f      0x113 /usr/bin/../lib/gcc/msp430/4.5.3/../../../../msp430/lib/mmpy-16/libc.a(memcpy.o)
 .debug_info    0x000002b2       0xfe /usr/bin/../lib/gcc/msp430/4.5.3/../../../../msp430/lib/mmpy-16/libc.a(memset.o)
 .debug_info    0x000003b0      0x103 /usr/bin/../lib/gcc/msp430/4.5.3/../../../../msp430/lib/mmpy-16/libc.a(printf.o)
 .debug_info    0x000004b3      0x3b5 /usr/bin/../lib/gcc/msp430/4.5.3/../../../../msp430/lib/mmpy-16/libc.a(vuprintf.o)
 .debug_info    0x00000868       0x96 /usr/bin/../lib/gcc/msp430/4.5.3/../../../../msp430/lib/mmpy-16/libc.a(puts.o)
 .debug_info    0x000008fe      0x137 /usr/bin/../lib/gcc/msp430/4.5.3/../../../../msp430/lib/mmpy-16/libc.a(rand.o)
 *(.gnu.linkonce.wi.*)

.debug_abbrev   0x00000000      0x5f0
 *(.debug_abbrev)
 .debug_abbrev  0x00000000       0x6d /usr/bin/../lib/gcc/msp430/4.5.3/../../../../msp430/lib/mmpy-16/libc.a(strncmp.o)
 .debug_abbrev  0x0000006d       0x8a /usr/bin/../lib/gcc/msp430/4.5.3/../../../../msp430/lib/mmpy-16/libc.a(memcmp.o)
 .debug_abbrev  0x000000f7       0x97 /usr/bin/../lib/gcc/msp430/4.5.3/../../../../msp430/lib/mmpy-16/libc.a(memcpy.o)
 .debug_abbrev  0x0000018e       0x8d /usr/bin/../lib/gcc/msp430/4.5.3/../../../../msp430/lib/mmpy-16/libc.a(memset.o)
 .debug_abbrev  0x0000021b       0xce /usr/bin/../lib/gcc/msp430/4.5.3/../../../../msp430/lib/mmpy-16/libc.a(printf.o)
 .debug_abbrev  0x000002e9      0x1cb /usr/bin/../lib/gcc/msp430/4.5.3/../../../../msp430/lib/mmpy-16/libc.a(vuprintf.o)
 .debug_abbrev  0x000004b4       0x60 /usr/bin/../lib/gcc/msp430/4.5.3/../../../../msp430/lib/mmpy-16/libc.a(puts.o)
 .debug_abbrev  0x00000514       0xdc /usr/bin/../lib/gcc/msp430/4.5.3/../../../../msp430/lib/mmpy-16/libc.a(rand.o)

.debug_line     0x00000000      0x97f
 *(.debug_line)
 .debug_line    0x00000000       0xcf /usr/bin/../lib/gcc/msp430/4.5.3/../../../../msp430/lib/mmpy-16/libc.a(strncmp.o)
 .debug_line    0x000000cf       0xd4 /usr/bin/../lib/gcc/msp430/4.5.3/../../../../msp430/lib/mmpy-16/libc.a(memcmp.o)
 .debug_line    0x000001a3      0x197 /usr/bin/../lib/gcc/msp430/4.5.3/../../../../msp430/lib/mmpy-16/libc.a(memcpy.o)
 .debug_line    0x0000033a      0x133 /usr/bin/../lib/gcc/msp430/4.5.3/../../../../msp430/lib/mmpy-16/libc.a(memset.o)
 .debug_line    0x0000046d       0xbc /usr/bin/../lib/gcc/msp430/4.5.3/../../../../msp430/lib/mmpy-16/libc.a(printf.o)
 .debug_line    0x00000529      0x382 /usr/bin/../lib/gcc/msp430/4.5.3/../../../../msp430/lib/mmpy-16/libc.a(vuprintf.o)
 .debug_line    0x000008ab       0x5d /usr/bin/../lib/gcc/msp430/4.5.3/../../../../msp430/lib/mmpy-16/libc.a(puts.o)
 .debug_line    0x00000908       0x77 /usr/bin/../lib/gcc/msp430/4.5.3/../../../../msp430/lib/mmpy-16/libc.a(rand.o)

.debug_frame    0x00000000      0x1d0
 *(.debug_frame)
 .debug_frame   0x00000000       0x24 /usr/bin/../lib/gcc/msp430/4.5.3/../../../../msp430/lib/mmpy-16/libc.a(strncmp.o)
 .debug_frame   0x00000024       0x28 /usr/bin/../lib/gcc/msp430/4.5.3/../../../../msp430/lib/mmpy-16/libc.a(memcmp.o)
 .debug_frame   0x0000004c       0x32 /usr/bin/../lib/gcc/msp430/4.5.3/../../../../msp430/lib/mmpy-16/libc.a(memcpy.o)
 .debug_frame   0x0000007e       0x32 /usr/bin/../lib/gcc/msp430/4.5.3/../../../../msp430/lib/mmpy-16/libc.a(memset.o)
 .debug_frame   0x000000b0       0x2a /usr/bin/../lib/gcc/msp430/4.5.3/../../../../msp430/lib/mmpy-16/libc.a(printf.o)
 .debug_frame   0x000000da       0x82 /usr/bin/../lib/gcc/msp430/4.5.3/../../../../msp430/lib/mmpy-16/libc.a(vuprintf.o)
 .debug_frame   0x0000015c       0x24 /usr/bin/../lib/gcc/msp430/4.5.3/../../../../msp430/lib/mmpy-16/libc.a(puts.o)
 .debug_frame   0x00000180       0x50 /usr/bin/../lib/gcc/msp430/4.5.3/../../../../msp430/lib/mmpy-16/libc.a(rand.o)

.debug_str      0x00000000      0x31d
 *(.debug_str)
 .debug_str     0x00000000       0xbc /usr/bin/../lib/gcc/msp430/4.5.3/../../../../msp430/lib/mmpy-16/libc.a(strncmp.o)
                                 0xf5 (size before relaxing)
 .debug_str     0x000000bc       0x19 /usr/bin/../lib/gcc/msp430/4.5.3/../../../../msp430/lib/mmpy-16/libc.a(memcmp.o)
                                 0xf3 (size before relaxing)
 .debug_str     0x000000d5       0x34 /usr/bin/../lib/gcc/msp430/4.5.3/../../../../msp430/lib/mmpy-16/libc.a(memcpy.o)
                                0x10e (size before relaxing)
 .debug_str     0x00000109       0x26 /usr/bin/../lib/gcc/msp430/4.5.3/../../../../msp430/lib/mmpy-16/libc.a(memset.o)
                                0x10c (size before relaxing)
 .debug_str     0x0000012f       0x40 /usr/bin/../lib/gcc/msp430/4.5.3/../../../../msp430/lib/mmpy-16/libc.a(printf.o)
                                0x122 (size before relaxing)
 .debug_str     0x0000016f      0x16a /usr/bin/../lib/gcc/msp430/4.5.3/../../../../msp430/lib/mmpy-16/libc.a(vuprintf.o)
                                0x27e (size before relaxing)
 .debug_str     0x000002d9       0x15 /usr/bin/../lib/gcc/msp430/4.5.3/../../../../msp430/lib/mmpy-16/libc.a(puts.o)
                                 0xe8 (size before relaxing)
 .debug_str     0x000002ee       0x2f /usr/bin/../lib/gcc/msp430/4.5.3/../../../../msp430/lib/mmpy-16/libc.a(rand.o)
                                0x107 (size before relaxing)

.debug_loc      0x00000000      0x8bc
 *(.debug_loc)
 .debug_loc     0x00000000       0x63 /usr/bin/../lib/gcc/msp430/4.5.3/../../../../msp430/lib/mmpy-16/libc.a(strncmp.o)
 .debug_loc     0x00000063       0x59 /usr/bin/../lib/gcc/msp430/4.5.3/../../../../msp430/lib/mmpy-16/libc.a(memcmp.o)
 .debug_loc     0x000000bc      0x1d6 /usr/bin/../lib/gcc/msp430/4.5.3/../../../../msp430/lib/mmpy-16/libc.a(memcpy.o)
 .debug_loc     0x00000292       0xeb /usr/bin/../lib/gcc/msp430/4.5.3/../../../../msp430/lib/mmpy-16/libc.a(memset.o)
 .debug_loc     0x0000037d       0x24 /usr/bin/../lib/gcc/msp430/4.5.3/../../../../msp430/lib/mmpy-16/libc.a(printf.o)
 .debug_loc     0x000003a1      0x49c /usr/bin/../lib/gcc/msp430/4.5.3/../../../../msp430/lib/mmpy-16/libc.a(vuprintf.o)
 .debug_loc     0x0000083d       0x2d /usr/bin/../lib/gcc/msp430/4.5.3/../../../../msp430/lib/mmpy-16/libc.a(puts.o)
 .debug_loc     0x0000086a       0x52 /usr/bin/../lib/gcc/msp430/4.5.3/../../../../msp430/lib/mmpy-16/libc.a(rand.o)

.debug_macinfo
 *(.debug_macinfo)

.debug_pubtypes
                0x00000000      0x13d
 *(.debug_pubtypes)
 .debug_pubtypes
                0x00000000       0x1d /usr/bin/../lib/gcc/msp430/4.5.3/../../../../msp430/lib/mmpy-16/libc.a(strncmp.o)
 .debug_pubtypes
                0x0000001d       0x1d /usr/bin/../lib/gcc/msp430/4.5.3/../../../../msp430/lib/mmpy-16/libc.a(memcmp.o)
 .debug_pubtypes
                0x0000003a       0x26 /usr/bin/../lib/gcc/msp430/4.5.3/../../../../msp430/lib/mmpy-16/libc.a(memcpy.o)
 .debug_pubtypes
                0x00000060       0x32 /usr/bin/../lib/gcc/msp430/4.5.3/../../../../msp430/lib/mmpy-16/libc.a(memset.o)
 .debug_pubtypes
                0x00000092       0x31 /usr/bin/../lib/gcc/msp430/4.5.3/../../../../msp430/lib/mmpy-16/libc.a(printf.o)
 .debug_pubtypes
                0x000000c3       0x56 /usr/bin/../lib/gcc/msp430/4.5.3/../../../../msp430/lib/mmpy-16/libc.a(vuprintf.o)
 .debug_pubtypes
                0x00000119       0x12 /usr/bin/../lib/gcc/msp430/4.5.3/../../../../msp430/lib/mmpy-16/libc.a(puts.o)
 .debug_pubtypes
                0x0000012b       0x12 /usr/bin/../lib/gcc/msp430/4.5.3/../../../../msp430/lib/mmpy-16/libc.a(rand.o)

.debug_ranges   0x00000000        0xc
 *(.debug_ranges)
 .debug_ranges  0x00000000        0xc /usr/bin/../lib/gcc/msp430/4.5.3/../../../../msp430/lib/mmpy-16/libc.a(vuprintf.o)
                0x00003900                PROVIDE (__stack, (ORIGIN (ram) + 0x2800))
                0x0000a034                PROVIDE (__data_start_rom, _etext)
                0x0000a0e0                PROVIDE (__data_end_rom, (_etext + SIZEOF (.data)))
OUTPUT(example-powertrace.sky elf32-msp430)
